DEVICE: Zebra/MC9400PG/MC9400 SERIAL NUMBER: 231595225E0019 ANDROID VERSION: 13 BUILD ID: 13-06-18.00-TG-U00-PRD-NEM-04 Incremental: 86 BOOTLOADER: unknown VERSION.CODENAME: REL Type: user Tag: UNKNOWN 
2023-07-18 07:33:39:165




#@# Top
top -n 1 -d 1 -b 2>&1
Tasks: 769 total,   1 running, 768 sleeping,   0 stopped,   0 zombie
  Mem:  5627696K total,  5333740K used,   293956K free,     6104K buffers
 Swap:  3145724K total,   698112K used,  2447612K free,  3352032K cached
800%cpu 138%user  21%nice  86%sys 541%idle   0%iow  10%irq   3%sirq   0%host
  PID USER         PR  NI VIRT  RES  SHR S[%CPU] %MEM     TIME+ ARGS
 2669 u0_a193      20   0  16G 213M 133M S  134   3.8   0:22.17 com.android.systemui
 1368 system       -2  -8  12G  39M  34M S 24.1   0.7   0:26.17 surfaceflinger
11699 root         20   0  12G 4.5M 3.2M R 20.6   0.0   0:00.05 top -n 1 -d 1 -b
11624 system       10 -10  15G 132M  80M S 13.7   2.4   0:00.28 com.symbol.rxlogger
 2005 system       18  -2  19G 378M 279M S 13.7   6.8   4:03.46 system_server
 1288 system       -3   0  12G  15M  13M S 10.3   0.2   0:12.02 vendor.qti.hardware.display.composer-service
  373 logd         30  10  12G 5.5M 3.8M S  6.8   0.1   0:04.76 logd
 3728 u0_a221      20   0  15G  95M  51M S  3.4   1.7   0:00.28 com.google.android.ext.services
 1521 media        20   0  12G 5.8M 5.1M S  3.4   0.1   0:00.18 media.metrics diametrics
 1300 root         20   0  12G  13M  11M S  3.4   0.2   0:04.79 vendor.qti.hardware.perf-hal-service
  826 root         RT   0    0    0    0 D  3.4   0.0   0:02.96 [crtc_commit:86]
  653 root         RT   0    0    0    0 S  3.4   0.0   0:00.26 [irq/276-mxt-ts]
  233 root         20   0    0    0    0 I  3.4   0.0   0:13.89 [kworker/u16:8-memlat_wq]
   72 root         20   0    0    0    0 I  3.4   0.0   0:02.43 [kworker/0:1-events]
   62 root         20   0    0    0    0 S  3.4   0.0   0:00.49 [rcuop/6]
11697 root         20   0  12G 2.9M 2.2M S  0.0   0.0   0:00.01 sh -c -- top -n 1 -d 1 -b 2>&1
11687 root          0 -20    0    0    0 I  0.0   0.0   0:00.00 [kworker/7:1H-kverityd]
11686 root         20   0  12G 3.2M 2.6M S  0.0   0.0   0:00.06 logcat -b system -v threadtime
11685 root         20   0  12G 3.5M 2.6M S  0.0   0.0   0:00.04 logcat -b events -v threadtime
11684 root         20   0  12G 3.3M 2.6M S  0.0   0.0   0:00.01 logcat -b crash -v threadtime
11683 root         20   0  12G 3.1M 2.4M S  0.0   0.0   0:00.01 logcat -b radio -v threadtime
11678 root         20   0  12G 3.2M 2.5M S  0.0   0.0   0:00.09 logcat -b main -v threadtime
11671 root          0 -20    0    0    0 I  0.0   0.0   0:00.00 [kworker/u17:4-kgsl-events]
11669 root         20   0    0    0    0 I  0.0   0.0   0:00.00 [kworker/6:0]
11655 root         20   0    0    0    0 I  0.0   0.0   0:00.00 [kworker/7:1]
11643 root          0 -20    0    0    0 I  0.0   0.0   0:00.00 [kworker/7:0H-kverityd]
11605 root          0 -20    0    0    0 I  0.0   0.0   0:00.01 [kworker/u17:3-kgsl-events]
11588 root         20   0    0    0    0 I  0.0   0.0   0:00.00 [kworker/2:6]
11587 root         20   0    0    0    0 I  0.0   0.0   0:00.00 [kworker/2:5-events]
11586 root         20   0    0    0    0 I  0.0   0.0   0:00.00 [kworker/2:4-events]
11585 root         20   0    0    0    0 I  0.0   0.0   0:00.00 [kworker/0:3-events]
11541 root         20   0    0    0    0 I  0.0   0.0   0:00.00 [kworker/1:4]
11540 root         20   0    0    0    0 I  0.0   0.0   0:00.00 [kworker/1:3]
11503 root         20   0    0    0    0 I  0.0   0.0   0:00.00 [kworker/3:0-events]
11446 root         20   0    0    0    0 I  0.0   0.0   0:00.07 [kworker/1:0-events]
11436 root         20   0    0    0    0 I  0.0   0.0   0:00.00 [kworker/0:0]
11394 root         20   0    0    0    0 I  0.0   0.0   0:00.00 [kworker/2:1-events]
11365 root         20   0    0    0    0 I  0.0   0.0   0:02.11 [kworker/u16:0-kgsl-lockless-work]
11362 root          0 -20    0    0    0 I  0.0   0.0   0:00.91 [kworker/u17:2-kgsl-events]
11341 u0_a134      20   0  15G  92M  46M S  0.0   1.6   0:00.33 com.google.android.apps.turbo
11239 u0_a141      20   0  15G 137M  98M S  0.0   2.4   0:01.67 com.google.android.gms
11193 root         20   0    0    0    0 I  0.0   0.0   0:00.01 [kworker/3:2-events]
11080 root         20   0    0    0    0 I  0.0   0.0   0:05.36 [kworker/u16:1-kgsl-lockless-work]
11078 root         20   0    0    0    0 I  0.0   0.0   0:00.00 [kworker/5:2-events]
11001 root          0 -20    0    0    0 I  0.0   0.0   0:01.97 [kworker/u17:0-ufs_clk_gating_0]
10993 root         20   0    0    0    0 I  0.0   0.0   0:00.01 [kworker/1:2-events]
10952 root         20   0    0    0    0 I  0.0   0.0   0:00.02 [kworker/2:0-events]
10878 root         20   0    0    0    0 I  0.0   0.0   0:00.00 [kworker/6:1-mm_percpu_wq]
10755 root          0 -20    0    0    0 I  0.0   0.0   0:00.00 [kworker/6:0H-kverityd]
10680 root         20   0    0    0    0 I  0.0   0.0   0:00.00 [kworker/7:0-events]
10583 root         20   0    0    0    0 I  0.0   0.0   0:01.10 [kworker/0:2-events]
10199 shell        20   0  15G  85M  41M S  0.0   1.5   0:00.14 com.android.shell
 9988 root         19  -1    0    0    0 S  0.0   0.0   0:00.00 [pkt_capture_mon]
 9987 root         20   0    0    0    0 S  0.0   0.0   0:00.00 [cds_mc_thread]
 9986 root         20   0    0    0    0 S  0.0   0.0   0:00.00 [cds_mc_thread]
 9985 root         20   0    0    0    0 S  0.0   0.0   0:00.00 [cds_mc_thread]
 9984 root         20   0    0    0    0 S  0.0   0.0   0:00.00 [cds_mc_thread]
 9979 wifi         20   0  12G  13M  10M S  0.0   0.2   0:01.29 wpa_supplicant -O/data/vendor/wifi/wpa/sockets -puse_p2p_group_interface=1 -dd -g@android:vendor_wpa_wlan0
 9903 root          0 -20    0    0    0 I  0.0   0.0   0:00.17 [kworker/2:3H-kblockd]
 9871 root         19  -1    0    0    0 S  0.0   0.0   0:00.00 [dp_rx_thread_3]
 9870 root         19  -1    0    0    0 S  0.0   0.0   0:00.00 [dp_rx_thread_2]
 9869 root         19  -1    0    0    0 S  0.0   0.0   0:00.00 [dp_rx_thread_1]
 9868 root         19  -1    0    0    0 S  0.0   0.0   0:00.00 [dp_rx_thread_0]
 9867 root         19  -1    0    0    0 S  0.0   0.0   0:00.00 [cds_ol_rx_threa]
 9866 root         18  -2    0    0    0 S  0.0   0.0   0:09.83 [scheduler_threa]
 9859 root         -2   0    0    0    0 S  0.0   0.0   0:00.00 [qrtr_rx]
 9800 root         RT   0    0    0    0 S  0.0   0.0   0:00.00 [irq/295-bhi]
 9548 root         20   0    0    0    0 I  0.0   0.0   0:04.44 [kworker/4:5-events]
 9547 root         20   0    0    0    0 I  0.0   0.0   0:00.03 [kworker/4:4-events]
 9510 root          0 -20    0    0    0 I  0.0   0.0   0:00.00 [dsi_err_workq]
 9402 u0_a124      20   0  15G  83M  39M S  0.0   1.5   0:00.10 com.qualcomm.timeservice
 9387 root         20   0    0    0    0 I  0.0   0.0   0:10.64 [kworker/u16:18-memlat_wq]
 9245 system       20   0  15G  82M  39M S  0.0   1.5   0:00.12 com.symbol.dataanalytics.systemhelper
 8816 system       20   0  15G  86M  41M S  0.0   1.5   0:00.11 com.zebra.zchargeled
 8791 system       20   0  15G  85M  40M S  0.0   1.5   0:00.10 com.zebra.valueadd.batterymgr
 8766 radio        20   0  15G  81M  39M S  0.0   1.4   0:00.09 com.android.phone
 8747 system       20   0  15G  86M  42M S  0.0   1.5   0:00.14 com.zebra.popupcontrol
 8710 system       20   0  15G  91M  45M S  0.0   1.6   0:00.26 com.zebra.oeminfo
 8680 system       20   0  15G  86M  41M S  0.0   1.5   0:00.10 com.zebra.nfcbatteryswap
 8655 u0_a61       20   0  15G  86M  41M S  0.0   1.5   0:00.11 com.zebra.licenseuiapp
 8558 u0_a66       20   0  15G  91M  46M S  0.0   1.6   0:01.72 com.zebra.zebracontentprovider
 8499 u0_a86       20   0  15G 111M  63M S  0.0   2.0   0:04.93 com.zebra.commontransportlayer
 8456 u0_a71       20   0  15G  99M  53M S  0.0   1.7   0:02.01 com.symbol.dataanalytics.dca
 8365 system       20   0  15G  86M  41M S  0.0   1.5   0:00.70 com.qualcomm.qti.notificationservice
 8255 u0_a175      20   0  17G 165M 112M S  0.0   3.0   0:02.92 com.google.android.youtube
 8148 u0_a143      20   0  15G  92M  49M S  0.0   1.6   0:00.41 com.google.android.partnersetup
 7943 u0_a164      20   0  16G 121M  77M S  0.0   2.2   0:01.16 com.google.android.gm
 7872 u0_a140      20   0  15G  92M  46M S  0.0   1.6   0:00.26 com.google.android.configupdater
 7774 u0_a209      20   0  15G  94M  49M S  0.0   1.7   0:00.17 com.google.android.apps.wallpaper
 7589 u0_a167      20   0  16G 143M  92M S  0.0   2.6   0:03.13 com.google.android.apps.tachyon
 7408 u0_a183      20   0  15G  90M  49M S  0.0   1.6   0:00.22 com.android.remoteprovisioner
 7300 u0_a207      20   0  15G  90M  47M S  0.0   1.6   0:00.76 com.symbol.fusionservice
 7278 u0_a205      20   0  15G  91M  47M S  0.0   1.6   0:01.33 com.symbol.fusionlogger
 7157 u0_a83       20   0  15G 104M  59M S  0.0   1.8   0:04.06 com.symbol.fota
 6832 system       20   0  16G 172M 109M S  0.0   3.1   0:10.25 com.android.settings
 6724 u0_a72       20   0  15G 109M  61M S  0.0   1.9   0:07.13 com.symbol.dataanalytics
 6598 system       20   0  15G  87M  46M S  0.0   1.5   0:00.20 com.zebra.zebravolumecontrol3
 6453 u0_a147      20   0  15G 123M  80M S  0.0   2.2   0:00.44 com.android.vending:background
 6449 u0_a123      20   0  15G  84M  41M S  0.0   1.5   0:00.56 com.zebra.timecacher
 6358 u0_a105      20   0  15G  88M  45M S  0.0   1.6   0:00.20 com.zebra.smartmu.wfwsupportservice
 6290 u0_a119      20   0  15G  88M  45M S  0.0   1.6   0:00.44 com.zebra.smartmu.service
 6246 u0_a147      20   0  15G 119M  74M S  0.0   2.1   0:01.26 com.android.vending:instant_app_installer
 6085 u0_a147      20   0  16G 147M 110M S  0.0   2.6   0:29.10 com.android.vending
 5990 system       20   0  15G  84M  42M S  0.0   1.5   0:00.09 com.symbol.zremotekey
 5934 u0_a44       20   0  15G  91M  47M S  0.0   1.6   0:00.31 com.android.providers.calendar
 5855 system       20   0  15G  86M  44M S  0.0   1.5   0:00.16 com.symbol.ethernetsettings
 5779 system       20   0  15G  86M  42M S  0.0   1.5   0:00.31 com.symbol.WakeupSources
 5327 u0_a50       20   0  15G  98M  52M S  0.0   1.7   0:00.49 android.process.media
 5300 u0_a114      20   0  15G  85M  42M S  0.0   1.5   0:00.11 com.zebra.valueadd.enfc
 5244 u0_a149      20   0  33G 222M 181M S  0.0   4.0   0:10.28 com.google.android.googlequicksearchbox:search
 5189 u0_a57       20   0  15G 103M  59M S  0.0   1.8   0:01.04 android.process.acore
 5148 u0_a141      20   0  15G  93M  49M S  0.0   1.6   0:00.37 com.google.process.gapps
 5104 system       20   0  15G  94M  50M S  0.0   1.7   0:02.40 com.zebra.location
 4980 system       20   0  15G  85M  43M S  0.0   1.5   0:00.09 com.symbol.osx.securestorage
 4972 system       20   0  15G  85M  43M S  0.0   1.5   0:00.12 com.qualcomm.qti.services.secureui:sui_service
 4956 bluetooth    20   0  15G  83M  41M S  0.0   1.5   0:00.10 com.zebra.beaconconfigservice
 4896 system       20   0  15G  83M  42M S  0.0   1.5   0:00.11 com.zebra.persistencedataservice
 4827 u0_a204      20   0  15G  91M  49M S  0.0   1.6   0:01.97 com.qualcomm.qti.workloadclassifier
 4799 u0_a80       20   0  15G  87M  45M S  0.0   1.5   0:00.14 com.zebra.greenmode
 4794 system       20   0  15G  87M  46M S  0.0   1.5   0:00.15 com.zebra.indicators
 4781 u0_a187      20   0  15G  83M  41M S  0.0   1.5   0:00.14 com.qualcomm.qti.services.systemhelper:systemhelper_service
 4739 u0_a130      20   0  15G  82M  40M S  0.0   1.4   0:00.12 .pasr
 4727 system       20   0  15G  86M  41M S  0.0   1.5   0:00.83 com.symbol.batterymanager
 4709 nfc          20   0  15G 111M  67M S  0.0   2.0   0:01.29 com.android.nfc
 4690 system       20   0  15G  88M  44M S  0.0   1.5   0:00.98 com.zebra.server
 4659 u0_a60       20   0  15G  83M  41M S  0.0   1.5   0:00.10 com.symbol.osx.rootdetection
 4648 system       20   0  15G  88M  45M S  0.0   1.5   0:00.19 com.symbol.dd
 4621 system       20   0  15G  82M  41M S  0.0   1.4   0:00.10 com.symbol.cu
 4610 system       20   0  15G  84M  43M S  0.0   1.5   0:00.13 com.zebra.ethtracker
 4589 system       20   0  15G  83M  42M S  0.0   1.5   0:00.12 com.zebra.zdatafileio
 4567 system       20   0  15G  85M  43M S  0.0   1.5   0:00.12 com.symbol.osx.threatdetectionservice
 4548 system       20   0  15G  83M  42M S  0.0   1.5   0:00.12 com.zebra.backio
 4504 system       20   0  15G  82M  41M S  0.0   1.4   0:00.11 com.zebra.bluetoothsystem
 4456 u0_a52       20   0  15G  81M  39M S  0.0   1.4   0:00.11 com.zebra.zcm
 4430 u0_a146      20   0  16G 110M  62M S  0.0   2.0   0:01.81 com.google.android.as
 4389 u0_a220      20   0  15G 107M  66M S  0.0   1.9   0:02.78 com.google.android.providers.media.module
 4377 u0_a149      20   0  16G 177M 129M S  0.0   3.2   0:01.93 com.google.android.googlequicksearchbox:interactor
 4364 u0_a141      20   0  15G  94M  51M S  0.0   1.7   0:02.59 com.google.process.gservices
 4319 u0_a78       20   0  15G 118M  70M S  0.0   2.1   0:06.26 com.symbol.datawedge
 4294 u0_a55       20   0  15G  96M  51M S  0.0   1.7   0:03.51 com.zebra.datacapturevision
 4269 u0_a48       20   0  16G 114M  66M S  0.0   2.0   0:02.41 com.symbol.scanning.scanningframework:zdcpservice
 4266 u0_a48       20   0  15G  83M  40M S  0.0   1.5   0:00.11 com.symbol.scanning.scanningframework:hwinfoservice
 4242 u0_a48       20   0  15G  81M  39M S  0.0   1.4   0:00.06 com.symbol.scanning.scanningframework:datacapture
 4176 u0_a58       20   0  15G  97M  52M S  0.0   1.7   0:00.63 com.zebra.licensemgrservice
 4147 system       20   0  15G  86M  43M S  0.0   1.5   0:00.16 com.symbol.osx.osxprovisionservice
 4048 system       20   0  15G  99M  53M S  0.0   1.8   0:02.81 com.symbol.mxmf.proxyframework
 4014 root          0 -20    0    0    0 S  0.0   0.0   0:00.02 [irq/294-dwc3]
 3868 system       20   0  12G 4.1M 4.0M S  0.0   0.0   0:00.46 vendor.qti.psiclient@1.0-service
 3854 root          0 -20  14G 4.1M 4.1M S  0.0   0.0   0:00.55 thermal-engine-v2
 3829 u0_a216      20   0  15G 116M  64M S  0.0   2.1   0:03.65 com.google.android.permissioncontroller
 3822 system       20   0  12G 3.0M 3.0M S  0.0   0.0   0:00.00 qspmsvc
 3819 root         20   0  12G 3.2M 3.0M S  0.0   0.0   0:02.74 msm_irqbalance -f /system/vendor/etc/msm_irqbalance.conf
 3757 root         20   0  12G 2.1M 2.1M S  0.0   0.0   0:00.01 qvirtmgr
 3753 system       20   0  15G  93M  51M S  0.0   1.6   0:00.27 com.symbol.csp.audiovoluimgr
 3744 u0_a56       20   0  15G  81M  39M S  0.0   1.4   0:00.10 com.android.proxyhandler
 3736 system       20   0  15G  83M  42M S  0.0   1.5   0:00.10 com.zebra.dhcpoptionmgr
 3709 u0_a171      20   0  16G 185M 118M S  0.0   3.3   0:03.48 com.google.android.inputmethod.latin
 3655 u0_a145      20   0  16G 158M  90M S  0.0   2.8   0:05.37 com.google.android.apps.wellbeing
 3601 u0_a159      20   0  15G  91M  48M S  0.0   1.6   0:00.15 com.android.deskclock
 3597 u0_a174      20   0  15G 105M  65M S  0.0   1.9   0:01.69 com.google.android.tts
 3556 system       20   0  15G  91M  49M S  0.0   1.6   0:00.99 com.symbol.osx.proxyframework
 3422 u0_a65       20   0  15G  99M  55M S  0.0   1.7   0:05.75 com.zebra.securestoragemanager
 3367 u0_a79       20   0  16G 118M  71M S  0.0   2.1   0:05.37 com.zebra.devicemanager
 3346 u0_a141      20   0  16G 202M 127M S  0.0   3.6   1:25.22 com.google.android.gms.persistent
 3298 u0_a48       20   0  15G  88M  45M S  0.0   1.6   0:00.13 com.symbol.scanning.scanningframework:btscanner
 3222 bluetooth    20   0  15G  92M  51M S  0.0   1.6   0:00.67 com.zebra.bluetooth
 3163 u0_a190      20   0  16G 191M 122M S  0.0   3.4   0:03.91 com.android.launcher3
 3101 u0_a188      20   0  16G 171M 104M S  0.0   3.1   0:11.60 com.google.android.setupwizard
 3099 u0_a202      20   0  15G  91M  49M S  0.0   1.6   0:00.27 com.qti.qcc
 3077 u0_a203      20   0  15G  82M  41M S  0.0   1.4   0:00.12 com.qti.phone
 3070 secure_element 20 0  15G  84M  42M S  0.0   1.5   0:00.12 com.android.se
 3055 system       20   0  15G  87M  44M S  0.0   1.5   0:00.51 com.zebra.batteryswapservice
 3019 u0_a106      20   0  15G  95M  50M S  0.0   1.7   0:43.77 com.zebra.zvahelper
 3013 system       20   0  15G  83M  41M S  0.0   1.5   0:00.12 vendor.qti.qesdk.sysservice
 2989 u0_a191      20   0  15G  87M  46M S  0.0   1.5   0:00.15 com.qualcomm.qtil.aptxals
 2977 u0_a208      20   0  15G  83M  41M S  0.0   1.5   0:00.11 com.qualcomm.qtil.aptxacu
 2967 u0_a107      20   0  15G  80M  39M S  0.0   1.4   0:00.13 com.android.pacprocessor
 2965 u0_a126      20   0  15G  86M  44M S  0.0   1.5   0:00.20 .qtidataservices
 2946 radio        20   0  15G  84M  41M S  0.0   1.5   0:00.21 .dataservices
 2929 system       20   0  15G  87M  46M S  0.0   1.5   0:00.30 com.zebra.keyeventservice
 2902 system       20   0  15G  87M  45M S  0.0   1.5   0:00.13 com.zebra.batteryswapnotification
 2870 webview_zygote 20 0 1.1G  63M  28M S  0.0   1.1   0:00.03 webview_zygote
 2832 network_stack 20  0  15G  93M  50M S  0.0   1.6   0:00.32 com.android.networkstack.process
 2128 root          0 -20    0    0    0 I  0.0   0.0   0:00.04 [kworker/1:2H-kverityd]
 2124 root         20   0  12G 3.9M 3.8M S  0.0   0.0   0:00.01 android.hardware.usb.gadget@1.1-service-qti
 2123 root         20   0  12G 3.8M 3.8M S  0.0   0.0   0:00.01 android.hardware.thermal@2.0-service.qti-v2
 2100 gps          20   0  12G 3.9M 3.9M S  0.0   0.0   0:00.01 edgnss-daemon
 2099 gps          20   0  12G 6.0M 6.0M S  0.0   0.1   0:00.02 xtra-daemon
 2098 gps          20   0  12G 5.8M 5.8M S  0.0   0.1   0:00.08 slim_daemon --sap BASIC
 2097 gps          20   0  12G 5.6M 4.7M S  0.0   0.1   0:03.84 lowi-server
 2020 root          0 -20    0    0    0 I  0.0   0.0   0:00.00 [kworker/7:8H-kverityd]
 2016 root          0 -20    0    0    0 I  0.0   0.0   0:00.00 [kworker/7:4H-kverityd]
 2012 root          0 -20    0    0    0 I  0.0   0.0   0:01.78 [kworker/0:3H-kverityd]
 1824 system       20   0  12G 3.8M 3.8M S  0.0   0.0   0:00.00 tcmd
 1817 root         RT   0    0    0    0 S  0.0   0.0   0:00.00 [irq/63-arm-smmu]
 1710 system       20   0  12G 3.7M 3.7M S  0.0   0.0   0:00.01 trusteduilistener
 1687 gps          20   0  12G 4.0M 4.0M S  0.0   0.0   0:00.01 loc_launcher
 1657 system       20   0  12G 5.7M 5.7M S  0.0   0.1   0:00.03 qcc-trd
 1649 root         20   0  12G 7.1M 7.1M S  0.0   0.1   0:00.06 update_engine --logtostderr --logtofile --foreground
 1636 system       20   0  12G 4.5M 4.4M S  0.0   0.0   0:00.01 gatekeeperd /data/misc/gatekeeper
 1628 root         20   0  12G 7.7M 6.4M S  0.0   0.1   0:00.22 diagdaemon
 1604 gps          20   0  12G 4.0M 4.0M S  0.0   0.0   0:00.01 mlid
 1602 radio        20   0  12M 1.5M 1.5M S  0.0   0.0   0:00.00 ssgqmigd
 1597 system       20   0  12G 4.6M 4.4M S  0.0   0.0   0:00.03 cnss-daemon -n -l
 1592 mediacodec   20   0  12G 8.4M 7.3M S  0.0   0.1   0:00.95 media.swcodec oid.media.swcodec/bin/mediaswcodec
 1590 system       20   0  12G 3.3M 3.3M S  0.0   0.0   0:00.02 wfdvndservice
 1588 system       20   0  12G 3.7M 3.7M S  0.0   0.0   0:00.01 adsprpcd
 1586 radio        20   0  12G 4.3M 4.2M S  0.0   0.0   0:00.06 qms
 1585 system       20   0  12G 4.3M 4.3M S  0.0   0.0   0:00.00 perf_qesdk_client
 1566 radio        20   0  12G 5.3M 5.3M S  0.0   0.0   0:00.02 modemManager
 1559 radio        20   0  12G 2.7M 2.7M S  0.0   0.0   0:00.02 ipacm-diag
 1555 radio        20   0  12G 5.8M 5.8M S  0.0   0.1   0:00.10 imsdaemon
 1550 radio        20   0  12G 4.9M 4.9M S  0.0   0.0   0:00.03 ims_rtp_daemon
 1547 wifi         20   0  12G 4.6M 4.2M S  0.0   0.0   0:01.30 fusionconfd
 1544 system       20   0  12G 6.0M 6.0M S  0.0   0.1   0:00.02 wifidisplayhalservice
 1542 system       20   0  12G 8.6M 8.3M S  0.0   0.1   0:00.21 cnd
 1541 mediacodec   20   0  45M 5.9M 5.9M S  0.0   0.1   0:00.06 media.codec hw/android.hardware.media.omx@1.0-service
 1540 system       20   0  12G 5.2M 5.1M S  0.0   0.0   0:00.01 wfdhdcphalservice
 1539 system       20   0  12G 6.2M 6.1M S  0.0   0.1   0:00.13 perfservice
 1538 root         20   0  12G  21M  21M S  0.0   0.3   0:00.07 combilogservice
 1532 wifi         20   0  12G 5.9M 5.0M S  0.0   0.1   0:06.87 wificond
 1529 root         30  10  12G 4.5M 4.1M S  0.0   0.0   0:00.22 storaged
 1528 root         20   0  13G 9.3M 8.7M S  0.0   0.1   0:01.99 smartmu
 1526 media        20   0  13G  25M  22M S  0.0   0.4   0:02.98 mediaserver
 1518 mediaex      20   0  13G  23M  20M S  0.0   0.4   0:01.55 media.extractor aextractor
 1517 root         20   0  12G 4.9M 4.5M S  0.0   0.0   0:02.09 installd
 1513 incidentd    20   0  12G 3.7M 3.7M S  0.0   0.0   0:00.01 incidentd
 1510 cameraserver 20   0  12G  19M  18M S  0.0   0.3   0:01.30 cameraserver
 1507 root         20   0  12G 3.6M 3.6M S  0.0   0.0   0:00.01 qcom-system-daemon
 1506 system       20   0  12G 4.6M 4.6M S  0.0   0.0   0:00.05 vendor.dpmd
 1505 system       20   0  12G 4.3M 4.3M S  0.0   0.0   0:00.00 dpmQmiMgr
 1487 nobody       20   0  12G 2.6M 2.4M S  0.0   0.0   0:00.04 traced
 1486 nobody       20   0  12G 2.3M 2.3M S  0.0   0.0   0:00.03 traced_probes
 1484 drm          20   0  29M 4.6M 4.5M S  0.0   0.0   0:00.19 drmserver
 1482 system       20   0  12G 3.1M 3.1M S  0.0   0.0   0:00.01 pm-proxy
 1478 root         RT   0    0    0    0 S  0.0   0.0   0:00.00 [irq/344-swr_wak]
 1465 root         RT   0    0    0    0 S  0.0   0.0   0:00.00 [irq/332-swr_mas]
 1462 root         RT   0    0    0    0 S  0.0   0.0   0:00.02 [irq/331-swr_mas]
 1408 root         RT   0    0    0    0 S  0.0   0.0   0:00.00 [irq/62-arm-smmu]
 1406 radio        20   0  12G 3.4M 3.4M S  0.0   0.0   0:00.03 ipacm
 1377 system       20   0  12G 1.7M 1.7M S  0.0   0.0   0:00.00 lowirpcd
 1375 system       20   0  12G 3.9M 3.9M S  0.0   0.0   0:00.01 sensors.qti
 1374 system       20   0  12G 4.5M 4.5M S  0.0   0.0   0:00.02 sensors-qesdk
 1373 vendor_rfs   20   0  12G 2.0M 2.0M S  0.0   0.0   0:00.19 tftp_server
 1370 nobody       20   0  12G 3.0M 3.0M S  0.0   0.0   0:00.04 rmt_storage
 1364 gpu_service  20   0  12G 5.0M 5.0M S  0.0   0.0   0:00.03 gpuservice
 1363 credstore    20   0  12G 4.3M 4.3M S  0.0   0.0   0:00.02 credstore /data/misc/credstore
 1362 audioserver  20   0  13G  23M  22M S  0.0   0.4   0:02.67 audioserver
 1356 system       20   0  12G 3.5M 3.5M S  0.0   0.0   0:00.05 pm-service
 1355 system       20   0  12G 3.1M 3.1M S  0.0   0.0   0:00.05 pd-mapper
 1352 root          0 -20    0    0    0 I  0.0   0.0   0:00.00 [pdr_notifier_wq]
 1350 root         20   0    0    0    0 S  0.0   0.0   0:00.00 [qrtr_rx]
 1349 vendor_qrtr  20   0  12G 2.0M 2.0M S  0.0   0.0   0:00.00 qrtr-ns -f
 1348 root         RT   0    0    0    0 S  0.0   0.0   0:00.09 [irq/330-glink-n]
 1340 radio        20   0  12G 4.2M 4.2M S  0.0   0.0   0:00.02 vendor.zebra.hardware.zebraradio-service
 1339 system       20   0  12G 3.7M 3.6M S  0.0   0.0   0:01.87 vendor.zebra.hardware.health@1.0-service
 1335 bluetooth    20   0  12G 3.5M 3.5M S  0.0   0.0   0:00.01 vendor.zebra.hardware.devtrack@1.0-service
 1333 system       20   0  12G 3.5M 3.5M S  0.0   0.0   0:00.22 vendor.zebra.hardware.batteryswap@2.0-service
 1332 wifi         20   0  12G 4.5M 4.2M S  0.0   0.0   0:00.51 vendor.zebra.fusion@1.0-service
 1331 system       20   0  12G 3.4M 3.4M S  0.0   0.0   0:00.01 vendor.symbol.hardware.hwbeep@1.0-service
 1330 nfc          20   0  12G 3.5M 3.5M S  0.0   0.0   0:00.01 vendor.symbol.hardware.enfc@1.0-service
 1329 system       20   0  12G 5.2M 4.6M S  0.0   0.0   0:00.66 vendor.symbol.hardware.dchwmanager@1.0-service
 1328 system       20   0  12G 4.0M 3.9M S  0.0   0.0   0:00.04 vendor.qti.qspmhal@1.0-service
 1327 system       20   0  12G 4.5M 4.3M S  0.0   0.0   0:00.05 vendor.qti.memory.pasrmanager@1.0-service
 1324 mediacodec   20   0  12G  11M  11M S  0.0   0.1   0:00.07 media.audio.qc.codec .qti.media.c2audio@1.0-service
 1323 mediacodec   20   0  12G  12M  12M S  0.0   0.2   0:00.22 media.hwcodec /vendor.qti.media.c2@1.0-service
 1322 system       20   0  12G 4.1M 3.9M S  0.0   0.0   0:00.03 vendor.qti.hardware.vibrator.service
 1319 root         20   0    0    0    0 S  0.0   0.0   0:00.00 [glink_adsp]
 1317 system       20   0  12G 3.9M 3.8M S  0.0   0.0   0:00.01 vendor.qti.hardware.tui_comm@1.0-service-qti
 1315 system       20   0  12G 5.8M 5.8M S  0.0   0.1   0:00.03 vendor.qti.hardware.trustedui@1.0-service-qti
 1313 system       20   0  12G 4.2M 4.2M S  0.0   0.0   0:00.02 vendor.qti.hardware.soter@1.0-service
 1311 system       20   0  12G 3.8M 3.7M S  0.0   0.0   0:00.64 vendor.qti.hardware.servicetracker@1.2-service
 1307 system       20   0  12G 4.4M 4.4M S  0.0   0.0   0:00.00 vendor.qti.hardware.sensorscalibrate@1.0-service
 1304 system       20   0  12G 4.7M 4.7M S  0.0   0.0   0:00.02 vendor.qti.hardware.secureprocessor@1.0
 1295 root         20   0  12G 3.8M 3.8M S  0.0   0.0   0:00.03 vendor.qti.hardware.limits@1.1-service
 1292 root         20   0  12G 6.3M 5.5M S  0.0   0.1   0:00.28 vendor.qti.hardware.iop@2.0-service
 1290 system       20   0  12G 3.5M 3.5M S  0.0   0.0   0:00.02 dspservice
 1287 system       20   0  12G 6.0M 5.7M S  0.0   0.1   0:00.08 vendor.qti.hardware.display.allocator-service
 1285 system       20   0  12G 3.7M 3.7M S  0.0   0.0   0:00.01 vendor.qti.hardware.capabilityconfigstore@1.0-service
 1282 system       20   0  12G 5.6M 4.8M S  0.0   0.1   0:02.13 vendor.qti.hardware.AGMIPC@1.0-service
 1280 cameraserver 20   0  13G  18M  18M S  0.0   0.3   0:00.43 vendor.qti.camera.provider@2.7-service_64
 1279 system       20   0  12G 5.4M 5.4M S  0.0   0.0   0:00.02 qesdk-manager
 1277 root         20   0  12G 4.2M 4.2M S  0.0   0.0   0:00.20 poweropt-service
 1276 wifi         20   0  12G 8.0M 7.2M S  0.0   0.1   0:05.51 android.hardware.wifi@1.0-service
 1272 root         20   0  12G 3.9M 3.6M S  0.0   0.0   0:00.22 android.hardware.usb@1.2-service-qti
 1243 system       20   0  12G 6.9M 6.3M S  0.0   0.1   0:00.60 android.hardware.sensors@2.1-service.multihal
 1232 system       20   0  12G 5.2M 5.0M S  0.0   0.0   0:00.02 android.hardware.power-service
 1216 nfc          20   0  12G 4.5M 4.4M S  0.0   0.0   0:00.24 android.hardware.nfc@1.2-service
 1214 system       20   0  12G 3.6M 3.6M S  0.0   0.0   0:00.06 android.hardware.lights-service.qti
 1208 system       20   0  12G 4.1M 3.9M S  0.0   0.0   0:04.47 android.hardware.health@2.1-service
 1202 media        20   0  12G 6.1M 5.7M S  0.0   0.1   0:00.03 android.hardware.drm@1.4-service.widevine
 1200 media        20   0  12G 5.3M 5.3M S  0.0   0.0   0:00.02 android.hardware.drm@1.4-service.clearkey
 1196 media        20   0  22M 2.8M 2.8M S  0.0   0.0   0:00.01 android.hardware.cas@1.2-service
 1192 bluetooth    20   0  12G 4.0M 4.0M S  0.0   0.0   0:00.03 android.hardware.bluetooth@1.0-service-qti
 1190 audioserver  20   0  12G  12M  11M S  0.0   0.2   0:01.90 android.hardware.audio.service_64
 1188 system       20   0  12G 3.8M 3.8M S  0.0   0.0   0:00.02 qccsyshal@1.2-service
 1185 system       20   0  12G 3.0M 3.0M S  0.0   0.0   0:00.01 vendor.symbol.hardware.productspecificfeatures@1.0-service
 1184 system       20   0  12G 3.0M 3.0M S  0.0   0.0   0:00.02 android.hidl.allocator@1.0-service
 1180 system       20   0  12G 4.1M 3.9M S  0.0   0.0   0:00.90 diag-router
 1179 system       20   0  13G 4.9M 4.9M S  0.0   0.0   0:00.62 ssgtzd
 1129 root         20   0  12G 2.5M 2.3M S  0.0   0.0   0:00.02 ip6tables-restore --noflush -w -v
 1128 root         20   0  12G 2.3M 2.2M S  0.0   0.0   0:00.02 iptables-restore --noflush -w -v
 1119 root         20   0    0    0    0 S  0.0   0.0   0:01.94 [wlan_logging_th]
 1118 root          0 -20    0    0    0 I  0.0   0.0   0:00.00 [cds_recovery_wo]
 1116 root         20   0 1.1G 100M  65M S  0.0   1.8   0:02.55 zygote
 1114 root         20   0  15G 131M  89M S  0.0   2.3   0:04.40 zygote64
 1113 root         20   0  12G 6.6M 6.0M S  0.0   0.1   0:00.69 netd
 1112 statsd       20   0  12G 4.0M 3.6M S  0.0   0.0   0:07.31 statsd
 1081 system       20   0  12G 3.1M 3.0M S  0.0   0.0   0:00.03 time_daemon
 1057 root          0 -20    0    0    0 I  0.0   0.0   0:00.00 [ext4-rsv-conver]
 1056 root          0 -20    0    0    0 I  0.0   0.0   0:00.00 [kverityd]
 1055 root          0 -20    0    0    0 I  0.0   0.0   0:00.00 [ext4-rsv-conver]
 1054 root          0 -20    0    0    0 I  0.0   0.0   0:00.00 [kverityd]
 1053 root          0 -20    0    0    0 I  0.0   0.0   0:00.00 [ext4-rsv-conver]
 1052 root          0 -20    0    0    0 I  0.0   0.0   0:00.00 [kverityd]
 1051 root          0 -20    0    0    0 I  0.0   0.0   0:00.00 [ext4-rsv-conver]
 1050 root          0 -20    0    0    0 I  0.0   0.0   0:00.00 [kverityd]
 1049 root          0 -20    0    0    0 S  0.0   0.0   0:00.00 [loop34]
 1048 root          0 -20    0    0    0 I  0.0   0.0   0:00.00 [ext4-rsv-conver]
 1047 root          0 -20    0    0    0 I  0.0   0.0   0:00.00 [kverityd]
 1046 root          0 -20    0    0    0 S  0.0   0.0   0:00.00 [loop33]
 1045 root          0 -20    0    0    0 S  0.0   0.0   0:00.00 [loop32]
 1044 root          0 -20    0    0    0 S  0.0   0.0   0:00.00 [loop31]
 1043 root          0 -20    0    0    0 I  0.0   0.0   0:00.00 [ext4-rsv-conver]
 1042 root          0 -20    0    0    0 I  0.0   0.0   0:00.00 [ext4-rsv-conver]
 1041 root          0 -20    0    0    0 I  0.0   0.0   0:00.00 [ext4-rsv-conver]
 1040 root          0 -20    0    0    0 I  0.0   0.0   0:00.00 [kverityd]
 1039 root          0 -20    0    0    0 I  0.0   0.0   0:00.00 [kverityd]
 1038 root          0 -20    0    0    0 I  0.0   0.0   0:00.00 [kverityd]
 1037 root          0 -20    0    0    0 S  0.0   0.0   0:00.04 [loop30]
 1036 root          0 -20    0    0    0 S  0.0   0.0   0:00.00 [loop29]
 1035 root          0 -20    0    0    0 I  0.0   0.0   0:00.00 [ext4-rsv-conver]
 1034 root          0 -20    0    0    0 I  0.0   0.0   0:00.00 [ext4-rsv-conver]
 1033 root          0 -20    0    0    0 I  0.0   0.0   0:00.00 [kverityd]
 1032 root          0 -20    0    0    0 I  0.0   0.0   0:00.00 [kverityd]
 1031 root          0 -20    0    0    0 S  0.0   0.0   0:00.01 [loop28]
 1030 root          0 -20    0    0    0 S  0.0   0.0   0:00.13 [loop27]
 1029 root          0 -20    0    0    0 S  0.0   0.0   0:00.00 [loop26]
 1028 root          0 -20    0    0    0 I  0.0   0.0   0:00.00 [ext4-rsv-conver]
 1027 root          0 -20    0    0    0 I  0.0   0.0   0:00.00 [ext4-rsv-conver]
 1026 root          0 -20    0    0    0 I  0.0   0.0   0:00.00 [ext4-rsv-conver]
 1025 root          0 -20    0    0    0 I  0.0   0.0   0:00.00 [kverityd]
 1024 root          0 -20    0    0    0 I  0.0   0.0   0:00.00 [kverityd]
 1023 root          0 -20    0    0    0 I  0.0   0.0   0:00.00 [kverityd]
 1022 root          0 -20    0    0    0 S  0.0   0.0   0:00.00 [loop25]
 1021 root          0 -20    0    0    0 I  0.0   0.0   0:00.00 [ext4-rsv-conver]
 1020 root          0 -20    0    0    0 S  0.0   0.0   0:00.00 [loop24]
 1019 root          0 -20    0    0    0 I  0.0   0.0   0:00.00 [kverityd]
 1018 root          0 -20    0    0    0 I  0.0   0.0   0:00.00 [ext4-rsv-conver]
 1017 root          0 -20    0    0    0 I  0.0   0.0   0:00.00 [kverityd]
 1016 root          0 -20    0    0    0 S  0.0   0.0   0:00.01 [loop23]
 1015 root          0 -20    0    0    0 S  0.0   0.0   0:00.00 [loop22]
 1014 root          0 -20    0    0    0 I  0.0   0.0   0:00.00 [ext4-rsv-conver]
 1013 root          0 -20    0    0    0 I  0.0   0.0   0:00.00 [ext4-rsv-conver]
 1012 root          0 -20    0    0    0 S  0.0   0.0   0:00.00 [loop21]
 1011 root          0 -20    0    0    0 I  0.0   0.0   0:00.00 [kverityd]
 1010 root          0 -20    0    0    0 I  0.0   0.0   0:00.00 [kverityd]
 1009 root          0 -20    0    0    0 S  0.0   0.0   0:00.07 [loop20]
 1008 root          0 -20    0    0    0 I  0.0   0.0   0:00.00 [ext4-rsv-conver]
 1007 root          0 -20    0    0    0 I  0.0   0.0   0:00.00 [ext4-rsv-conver]
 1006 root          0 -20    0    0    0 S  0.0   0.0   0:00.02 [loop19]
 1005 root          0 -20    0    0    0 I  0.0   0.0   0:00.00 [kverityd]
 1004 root          0 -20    0    0    0 I  0.0   0.0   0:00.00 [kverityd]
 1003 root          0 -20    0    0    0 I  0.0   0.0   0:00.00 [ext4-rsv-conver]
 1002 root          0 -20    0    0    0 S  0.0   0.0   0:00.01 [loop18]
 1001 root          0 -20    0    0    0 I  0.0   0.0   0:00.00 [ext4-rsv-conver]
 1000 root          0 -20    0    0    0 I  0.0   0.0   0:00.00 [kverityd]
  999 root          0 -20    0    0    0 I  0.0   0.0   0:00.00 [kverityd]
  998 root          0 -20    0    0    0 S  0.0   0.0   0:00.00 [loop17]
  997 root          0 -20    0    0    0 I  0.0   0.0   0:00.00 [ext4-rsv-conver]
  996 root          0 -20    0    0    0 S  0.0   0.0   0:00.00 [loop16]
  995 root          0 -20    0    0    0 S  0.0   0.0   0:00.00 [loop15]
  994 root          0 -20    0    0    0 I  0.0   0.0   0:00.00 [ext4-rsv-conver]
  993 root          0 -20    0    0    0 S  0.0   0.0   0:00.01 [loop14]
  992 root          0 -20    0    0    0 S  0.0   0.0   0:00.05 [loop13]
  991 root          0 -20    0    0    0 I  0.0   0.0   0:00.00 [ext4-rsv-conver]
  990 root          0 -20    0    0    0 I  0.0   0.0   0:00.00 [ext4-rsv-conver]
  989 root          0 -20    0    0    0 I  0.0   0.0   0:00.00 [ext4-rsv-conver]
  988 root          0 -20    0    0    0 S  0.0   0.0   0:00.00 [loop12]
  987 root          0 -20    0    0    0 S  0.0   0.0   0:00.00 [loop11]
  986 root          0 -20    0    0    0 S  0.0   0.0   0:00.00 [loop10]
  985 root          0 -20    0    0    0 S  0.0   0.0   0:00.05 [loop9]
  984 root          0 -20    0    0    0 I  0.0   0.0   0:00.00 [ext4-rsv-conver]
  983 root          0 -20    0    0    0 I  0.0   0.0   0:00.00 [ext4-rsv-conver]
  982 root          0 -20    0    0    0 I  0.0   0.0   0:00.00 [ext4-rsv-conver]
  981 root          0 -20    0    0    0 I  0.0   0.0   0:00.00 [ext4-rsv-conver]
  980 root          0 -20    0    0    0 S  0.0   0.0   0:00.00 [loop8]
  979 root          0 -20    0    0    0 S  0.0   0.0   0:00.00 [loop7]
  978 root          0 -20    0    0    0 S  0.0   0.0   0:00.00 [loop6]
  977 root          0 -20    0    0    0 S  0.0   0.0   0:00.00 [loop5]
  966 tombstoned   20   0  12G 1.7M 1.7M S  0.0   0.0   0:00.00 tombstoned
  961 root         20   0    0    0    0 S  0.0   0.0   0:00.06 [f2fs_gc-254:42]
  960 root         20   0    0    0    0 S  0.0   0.0   0:00.12 [f2fs_discard-25]
  959 root         20   0    0    0    0 S  0.0   0.0   0:00.00 [f2fs_flush-254:]
  958 root         20   0    0    0    0 S  0.0   0.0   0:01.57 [f2fs_ckpt-254:4]
  955 root          0 -20    0    0    0 I  0.0   0.0   0:00.00 [clnt_req]
  954 root          0 -20    0    0    0 I  0.0   0.0   0:00.00 [iparepwq32]
  953 root          0 -20    0    0    0 I  0.0   0.0   0:00.00 [ipawq32]
  952 root          0 -20    0    0    0 I  0.0   0.0   0:00.00 [ipafreepagewq33]
  951 root          0 -20    0    0    0 I  0.0   0.0   0:00.00 [iparepwq33]
  950 root          0 -20    0    0    0 I  0.0   0.0   0:00.00 [ipawq33]
  948 root          0 -20    0    0    0 I  0.0   0.0   0:00.00 [iparepwq36]
  947 root          0 -20    0    0    0 I  0.0   0.0   0:00.00 [ipawq36]
  946 root          0 -20    0    0    0 I  0.0   0.0   0:00.00 [ipa_interrupt_w]
  922 system       20   0  12G 3.5M 3.5M S  0.0   0.0   0:00.83 sscrpcd sensorspd
  920 system       20   0  12G 3.9M 3.9M S  0.0   0.0   0:00.02 vendor.qti.hardware.qteeconnector@1.0-service
  918 system       20   0  12G 3.5M 3.5M S  0.0   0.0   0:00.03 android.hardware.gatekeeper@1.0-service-qti
  916 root         20   0  12G 3.3M 3.3M S  0.0   0.0   0:00.00 android.hardware.boot@1.2-service
  914 system       20   0  12G 3.1M 3.1M S  0.0   0.0   0:00.00 android.hardware.atrace@1.0-service
  912 keystore     20   0  12G  11M  10M S  0.0   0.1   0:00.17 keystore2 /data/misc/keystore
  911 system       20   0  12G 4.6M 4.1M S  0.0   0.0   0:01.64 android.system.suspend@1.0-service
  888 root          0 -20    0    0    0 I  0.0   0.0   0:00.00 [qdss_sw]
  887 root          0 -20    0    0    0 I  0.0   0.0   0:00.00 [qdss_mdm]
  886 root          0 -20    0    0    0 I  0.0   0.0   0:00.00 [qdss]
  885 root          0 -20    0    0    0 I  0.0   0.0   0:00.00 [at_usb2]
  884 root          0 -20    0    0    0 I  0.0   0.0   0:00.00 [at_usb1]
  883 root          0 -20    0    0    0 I  0.0   0.0   0:00.00 [at_usb0]
  880 root          0 -20    0    0    0 I  0.0   0.0   0:00.00 [ext4-rsv-conver]
  879 root         20   0    0    0    0 S  0.0   0.0   0:00.00 [jbd2/sdg4-8]
  878 root          0 -20    0    0    0 I  0.0   0.0   0:00.00 [ext4-rsv-conver]
  877 root         20   0    0    0    0 S  0.0   0.0   0:00.00 [jbd2/sdg3-8]
  871 root          0 -20    0    0    0 I  0.0   0.0   0:00.00 [kdmflush]
  870 root          0 -20    0    0    0 I  0.0   0.0   0:00.00 [ext4-rsv-conver]
  869 root         20   0    0    0    0 S  0.0   0.0   0:00.00 [jbd2/sde11-8]
  856 root         20   0  12G 6.2M 6.0M S  0.0   0.1   0:01.03 vold --blkid_context=u:r:blkid:s0 --blkid_untrusted_context=u:r:blkid_untrusted:s0 --fsck_context=u:r:fsck:s0 --fsck_untrusted_context=u:r:fsck_untrusted:s0
  855 system       20   0  12G 3.3M 3.3M S  0.0   0.0   0:00.01 vendor.qti.hardware.qseecom@1.0-service
  854 system       20   0  12G 4.0M 4.0M S  0.0   0.0   0:00.17 qseecomd
  851 system       20   0  12G 5.2M 5.0M S  0.0   0.0   0:01.05 android.hardware.security.keymint-service-qti
  850 system       20   0  12G 3.0M 3.0M S  0.0   0.0   0:00.03 android.hardware.keymaster@4.1-service-qti
  848 root         RT   0    0    0    0 S  0.0   0.0   0:00.00 [irq/329-tca8418]
  847 root          0 -20    0    0    0 I  0.0   0.0   0:00.00 [cam_cci_wq]
  846 root          0 -20    0    0    0 I  0.0   0.0   0:00.00 [cam_cci_wq]
  845 root          0 -20    0    0    0 I  0.0   0.0   0:00.00 [cam_cci_wq]
  844 root          0 -20    0    0    0 I  0.0   0.0   0:00.00 [cam_cci_wq]
  843 root          0 -20    0    0    0 I  0.0   0.0   0:00.00 [cpas-cdm0_3]
  842 root          0 -20    0    0    0 I  0.0   0.0   0:00.00 [cpas-cdm0_2]
  841 root          0 -20    0    0    0 I  0.0   0.0   0:00.00 [cpas-cdm0_1]
  840 root          0 -20    0    0    0 I  0.0   0.0   0:00.00 [cpas-cdm0_0]
  839 root          0 -20    0    0    0 I  0.0   0.0   0:00.00 [qcom,cam_virtua]
  838 root          0 -20    0    0    0 I  0.0   0.0   0:00.00 [cam-cpas]
  837 root         20   0    0    0    0 D  0.0   0.0   0:00.06 [Auth Proc]
  836 root         20   0    0    0    0 D  0.0   0.0   0:00.81 [I2C Proc]
  835 root         20   0    0    0    0 D  0.0   0.0   0:00.06 [Charger Proc]
  834 root         20   0    0    0    0 D  0.0   0.0   0:00.61 [PM Proc]
  829 root         RT   0    0    0    0 S  0.0   0.0   0:00.00 [card0-crtc0]
  828 root         RT   0    0    0    0 S  0.0   0.0   0:00.00 [pp_event]
  827 root         RT   0    0    0    0 S  0.0   0.0   0:01.20 [crtc_event:86]
  825 root         RT   0    0    0    0 S  0.0   0.0   0:00.00 [irq/61-arm-smmu]
  824 root         RT   0    0    0    0 S  0.0   0.0   0:00.00 [irq/60-arm-smmu]
  823 root         20   0    0    0    0 S  0.0   0.0   0:00.00 [rot_fenceq_0_15]
  822 root         20   0    0    0    0 S  0.0   0.0   0:00.00 [rot_fenceq_0_14]
  821 root         20   0    0    0    0 S  0.0   0.0   0:00.00 [rot_fenceq_0_13]
  820 root         20   0    0    0    0 S  0.0   0.0   0:00.00 [rot_fenceq_0_12]
  819 root         20   0    0    0    0 S  0.0   0.0   0:00.00 [rot_fenceq_0_11]
  818 root         20   0    0    0    0 S  0.0   0.0   0:00.00 [rot_fenceq_0_10]
  817 root         20   0    0    0    0 S  0.0   0.0   0:00.00 [rot_fenceq_0_9]
  816 root         20   0    0    0    0 S  0.0   0.0   0:00.00 [rot_fenceq_0_8]
  815 root         20   0    0    0    0 S  0.0   0.0   0:00.00 [rot_fenceq_0_7]
  814 root         20   0    0    0    0 S  0.0   0.0   0:00.00 [rot_fenceq_0_6]
  813 root         20   0    0    0    0 S  0.0   0.0   0:00.00 [rot_fenceq_0_5]
  812 root         20   0    0    0    0 S  0.0   0.0   0:00.00 [rot_fenceq_0_4]
  811 root         20   0    0    0    0 S  0.0   0.0   0:00.00 [rot_fenceq_0_3]
  810 root         20   0    0    0    0 S  0.0   0.0   0:00.00 [rot_fenceq_0_2]
  809 root         20   0    0    0    0 S  0.0   0.0   0:00.00 [rot_fenceq_0_1]
  808 root         20   0    0    0    0 S  0.0   0.0   0:00.00 [rot_fenceq_0_0]
  807 root         20   0    0    0    0 S  0.0   0.0   0:00.00 [rot_doneq_0_1]
  806 root         20   0    0    0    0 S  0.0   0.0   0:00.00 [rot_doneq_0_0]
  805 root         -6   0    0    0    0 S  0.0   0.0   0:00.00 [rot_commitq_0_1]
  804 root         -6   0    0    0    0 S  0.0   0.0   0:00.00 [rot_commitq_0_0]
  803 root          0 -20    0    0    0 I  0.0   0.0   0:00.00 [ipa_usb_wq]
  802 root          0 -20    0    0    0 I  0.0   0.0   0:00.00 [dsi_post_cmd_tx]
  801 root         RT   0    0    0    0 S  0.0   0.0   0:00.00 [irq/59-arm-smmu]
  800 root         RT   0    0    0    0 S  0.0   0.0   0:00.00 [irq/58-arm-smmu]
  799 root         RT   0    0    0    0 S  0.0   0.0   0:00.00 [irq/57-arm-smmu]
  798 root         RT   0    0    0    0 S  0.0   0.0   0:00.00 [irq/56-arm-smmu]
  797 root         RT   0    0    0    0 S  0.0   0.0   0:00.00 [irq/55-arm-smmu]
  796 root          0 -20    0    0    0 I  0.0   0.0   0:00.00 [rmnet_ctlwq]
  795 root         RT   0    0    0    0 S  0.0   0.0   0:00.00 [irq/33-arm-smmu]
  794 root          0 -20    0    0    0 I  0.0   0.0   0:00.00 [ipa_pm_activate]
  793 root          0 -20    0    0    0 I  0.0   0.0   0:00.00 [page_recycle_st]
  792 root          0 -20    0    0    0 I  0.0   0.0   0:00.00 [transport_power]
  791 root          0 -20    0    0    0 I  0.0   0.0   0:00.00 [ipa_power_mgmt]
  790 root         RT   0    0    0    0 S  0.0   0.0   0:00.00 [irq/54-arm-smmu]
  789 root         RT   0    0    0    0 S  0.0   0.0   0:00.00 [irq/53-arm-smmu]
  788 root         RT   0    0    0    0 S  0.0   0.0   0:00.00 [irq/52-arm-smmu]
  787 root         RT   0    0    0    0 S  0.0   0.0   0:00.00 [irq/51-arm-smmu]
  786 root         RT   0    0    0    0 S  0.0   0.0   0:00.00 [irq/50-arm-smmu]
  785 root         RT   0    0    0    0 S  0.0   0.0   0:00.00 [irq/49-arm-smmu]
  784 root         RT   0    0    0    0 S  0.0   0.0   0:00.00 [irq/48-arm-smmu]
  783 root         RT   0    0    0    0 S  0.0   0.0   0:00.00 [irq/243-msm-vid]
  782 root          0 -20    0    0    0 I  0.0   0.0   0:00.00 [batch_workq]
  781 root          0 -20    0    0    0 I  0.0   0.0   0:00.00 [pm_workq]
  776 root         20   0    0    0    0 I  0.0   0.0   0:00.10 [kworker/7:12-events]
  772 root         RT   0    0    0    0 S  0.0   0.0   0:00.00 [irq/47-arm-smmu]
  771 root          0 -20    0    0    0 I  0.0   0.0   0:00.00 [byte-cntr]
  770 root          0 -20    0    0    0 I  0.0   0.0   0:00.00 [cfg80211]
  769 root         RT   0    0    0    0 S  0.0   0.0   0:00.00 [irq/46-arm-smmu]
  765 root          0 -20    0    0    0 I  0.0   0.0   0:00.00 [k_ipa_usb]
  764 root         RT   0    0    0    0 S  0.0   0.0   0:00.00 [irq/45-arm-smmu]
  747 root         RT   0    0    0    0 S  0.0   0.0   0:00.00 [irq/44-arm-smmu]
  745 root          0 -20    0    0    0 I  0.0   0.0   0:00.00 [uaudio_svc]
  744 root         RT   0    0    0    0 S  0.0   0.0   0:00.00 [irq/293-ss_phy_]
  731 root         RT   0    0    0    0 S  0.0   0.0   0:00.00 [irq/287-dm_hs_p]
  730 root         RT   0    0    0    0 S  0.0   0.0   0:00.00 [irq/148-q6v5 wd]
  729 root          0 -20    0    0    0 I  0.0   0.0   0:00.00 [ngd_master]
  728 root          0 -20    0    0    0 I  0.0   0.0   0:00.00 [SecTimerCbWq]
  727 root         RT   0    0    0    0 S  0.0   0.0   0:00.00 [irq/285-dp_hs_p]
  714 root         RT   0    0    0    0 S  0.0   0.0   0:00.00 [irq/260-thresho]
  713 root         RT   0    0    0    0 S  0.0   0.0   0:00.00 [irq/258-qcom,te]
  712 root         RT   0    0    0    0 S  0.0   0.0   0:00.00 [irq/254-thresho]
  698 root         RT   0    0    0    0 S  0.0   0.0   0:00.00 [irq/279-pwr_eve]
  694 root          0 -20    0    0    0 I  0.0   0.0   0:00.00 [pdr_notifier_wq]
  677 root         RT   0    0    0    0 S  0.0   0.0   0:00.00 [irq/278-q6v5 wd]
  676 root         RT   0    0    0    0 S  0.0   0.0   0:00.00 [irq/43-arm-smmu]
  664 root         RT   0    0    0    0 S  0.0   0.0   0:00.00 [irq/42-arm-smmu]
  652 root         RT   0    0    0    0 S  0.0   0.0   0:00.00 [irq/257-pm8010-]
  646 root         RT   0    0    0    0 S  0.0   0.0   0:00.00 [irq/277-pmic_re]
  645 root         RT   0    0    0    0 S  0.0   0.0   0:00.00 [irq/256-qcom,te]
  643 root          0 -20    0    0    0 I  0.0   0.0   0:00.00 [fts_wq]
  642 root         RT   0    0    0    0 S  0.0   0.0   0:00.00 [irq/275-pmic_pw]
  641 root         RT   0    0    0    0 S  0.0   0.0   0:00.00 [irq/41-arm-smmu]
  640 root         RT   0    0    0    0 S  0.0   0.0   0:00.00 [irq/226-635000.]
  630 root         RT   0    0    0    0 S  0.0   0.0   0:00.00 [irq/274-backup_]
  628 root         RT   0    0    0    0 S  0.0   0.0   0:00.00 [irq/273-batt_pr]
  615 root         20   0    0    0    0 I  0.0   0.0   0:00.09 [kworker/2:3-events]
  614 root         RT   0    0    0    0 S  0.0   0.0   0:00.00 [irq/40-arm-smmu]
  613 root         RT   0    0    0    0 S  0.0   0.0   0:00.00 [irq/39-arm-smmu]
  612 root         RT   0    0    0    0 S  0.0   0.0   0:00.00 [irq/38-arm-smmu]
  599 root          0 -20    0    0    0 I  0.0   0.0   0:00.00 [pdr_notifier_wq]
  591 root          0 -20    0    0    0 I  0.0   0.0   0:00.00 [pdr_notifier_wq]
  556 root         20   0    0    0    0 S  0.0   0.0   0:00.00 [hwrng]
  555 root         -2   0    0    0    0 S  0.0   0.0   0:00.40 [psimon]
  553 root         RT   0    0    0    0 S  0.0   0.0   0:02.14 [irq/142-1909100]
  551 root          0 -20    0    0    0 I  0.0   0.0   0:00.00 [memlat_wq]
  550 root         20   0    0    0    0 S  0.0   0.0   0:00.00 [khvcd]
  544 root          0 -20    0    0    0 I  0.0   0.0   0:00.00 [bwmon_wq]
  538 root          0 -20    0    0    0 I  0.0   0.0   0:00.00 [rimps_wq]
  537 root         RT   0    0    0    0 S  0.0   0.0   0:00.00 [hyp_core_ctl]
  503 root          0 -20    0    0    0 I  0.0   0.0   0:00.00 [cdsprm-wq-delay]
  478 root         20   0    0    0    0 S  0.0   0.0   0:00.00 [cdsprm-wq]
  475 root         RT   0    0    0    0 S  0.0   0.0   0:02.09 [kgsl_dispatcher]
  472 root          0 -20    0    0    0 I  0.0   0.0   0:00.00 [pmic_glink_rx]
  469 root          0 -20    0    0    0 I  0.0   0.0   0:00.00 [kgsl_devfreq_wq]
  468 root         RT   0    0    0    0 S  0.0   0.0   0:00.00 [irq/269-smp2p_1]
  467 root          0 -20    0    0    0 I  0.0   0.0   0:00.00 [rq_stats]
  466 root          0 -20    0    0    0 I  0.0   0.0   0:00.00 [pdr_notifier_wq]
  464 root          0 -20    0    0    0 I  0.0   0.0   0:00.00 [pmic_glink_rx]
  462 root         RT   0    0    0    0 S  0.0   0.0   0:00.00 [irq/268-smp2p_2]
  461 root          0 -20    0    0    0 I  0.0   0.0   0:00.00 [kgsl-events]
  460 root         20   0    0    0    0 S  0.0   0.0   0:00.00 [smcinvoke_objec]
  456 root         RT   0    0    0    0 S  0.0   0.0   0:00.00 [irq/267-smp2p_1]
  454 root         RT   0    0    0    0 S  0.0   0.0   0:00.00 [irq/19-arm-smmu]
  451 root         20   0    0    0    0 S  0.0   0.0   0:00.00 [smcinvoke_shmbr]
  444 root         RT   0    0    0    0 S  0.0   0.0   0:00.00 [irq/17-arm-smmu]
  443 root         20   0    0    0    0 S  0.0   0.0   0:00.00 [qseecom-unload-]
  435 root         RT   0    0    0    0 S  0.0   0.0   0:00.00 [irq/16-arm-smmu]
  433 root         20   0    0    0    0 S  0.0   0.0   0:00.00 [qseecom-unreg-l]
  428 root         RT   0    0    0    0 S  0.0   0.0   0:00.00 [irq/37-arm-smmu]
  427 root         RT   0    0    0    0 S  0.0   0.0   0:00.00 [irq/36-arm-smmu]
  426 root         20   0    0    0    0 I  0.0   0.0   0:00.08 [kworker/6:3-events]
  414 root         RT   0    0    0    0 S  0.0   0.0   0:00.00 [irq/183-int_glo]
  407 root          0 -20    0    0    0 I  0.0   0.0   0:00.00 [mpcie_wq]
  391 system       20   0  12G 3.3M 3.1M S  0.0   0.0   0:00.06 vndservicemanager /dev/vndbinder
  388 system       20   0  12G 5.1M 4.3M S  0.0   0.0   0:02.20 hwservicemanager
  385 system       20   0  12G 4.5M 4.0M S  0.0   0.0   0:01.94 servicemanager
  382 lmkd         -2   0  12G 7.0M 5.9M S  0.0   0.1   0:02.99 lmkd
  363 root         20   0    0    0    0 I  0.0   0.0   0:03.92 [kworker/2:2-events]
  362 root          0 -20    0    0    0 I  0.0   0.0   0:00.00 [kgsl-lockless-w]
  361 root          0 -20    0    0    0 I  0.0   0.0   0:00.00 [kgsl-workqueue]
  360 media        20   0  12G 3.4M 3.3M S  0.0   0.0   0:00.89 audioadsprpcd audiopd
  359 root         20   0    0    0    0 S  0.0   0.0   0:00.00 [msm_perf:events]
  358 root          0 -20    0    0    0 I  0.0   0.0   0:00.00 [ext4-rsv-conver]
  357 root         20   0    0    0    0 S  0.0   0.0   0:00.00 [jbd2/sda2-8]
  339 prng_seeder  20   0  12G 1.7M 1.7M S  0.0   0.0   0:00.01 prng_seeder
  335 root          0 -20    0    0    0 I  0.0   0.0   0:00.00 [ext4-rsv-conver]
  334 root          0 -20    0    0    0 I  0.0   0.0   0:00.00 [ext4-rsv-conver]
  333 root          0 -20    0    0    0 I  0.0   0.0   0:00.00 [ext4-rsv-conver]
  332 root          0 -20    0    0    0 S  0.0   0.0   0:00.00 [loop4]
  331 root          0 -20    0    0    0 I  0.0   0.0   0:00.00 [ext4-rsv-conver]
  330 root          0 -20    0    0    0 I  0.0   0.0   0:00.00 [ext4-rsv-conver]
  329 root          0 -20    0    0    0 S  0.0   0.0   0:00.00 [loop3]
  328 root          0 -20    0    0    0 S  0.0   0.0   0:00.00 [loop2]
  327 root          0 -20    0    0    0 S  0.0   0.0   0:00.00 [loop1]
  326 root          0 -20    0    0    0 S  0.0   0.0   0:00.01 [loop0]
  321 root          0 -20    0    0    0 I  0.0   0.0   0:00.00 [kdmflush]
  320 root          0 -20    0    0    0 I  0.0   0.0   0:00.00 [kdmflush]
  319 root          0 -20    0    0    0 I  0.0   0.0   0:00.00 [kdmflush]
  318 root          0 -20    0    0    0 I  0.0   0.0   0:00.00 [kdmflush]
  317 root          0 -20    0    0    0 I  0.0   0.0   0:00.00 [kdmflush]
  316 root          0 -20    0    0    0 I  0.0   0.0   0:00.00 [kdmflush]
  315 root          0 -20    0    0    0 I  0.0   0.0   0:00.00 [kdmflush]
  314 root          0 -20    0    0    0 I  0.0   0.0   0:00.00 [kdmflush]
  313 root          0 -20    0    0    0 I  0.0   0.0   0:00.00 [kdmflush]
  311 root          0 -20    0    0    0 I  0.0   0.0   0:00.00 [kdmflush]
  310 root          0 -20    0    0    0 I  0.0   0.0   0:00.00 [kdmflush]
  308 root          0 -20    0    0    0 I  0.0   0.0   0:00.00 [kdmflush]
  307 root          0 -20    0    0    0 I  0.0   0.0   0:00.00 [kdmflush]
  306 root          0 -20    0    0    0 I  0.0   0.0   0:00.00 [kdmflush]
  304 root          0 -20    0    0    0 I  0.0   0.0   0:00.00 [kdmflush]
  303 root          0 -20    0    0    0 I  0.0   0.0   0:00.00 [kdmflush]
  301 root          0 -20    0    0    0 I  0.0   0.0   0:00.00 [kdmflush]
  300 root          0 -20    0    0    0 I  0.0   0.0   0:00.00 [kdmflush]
  299 root          0 -20    0    0    0 I  0.0   0.0   0:00.00 [kdmflush]
  298 root          0 -20    0    0    0 I  0.0   0.0   0:00.00 [kdmflush]
  296 root          0 -20    0    0    0 I  0.0   0.0   0:00.00 [kdmflush]
  282 root         20   0  12G 5.5M 4.1M S  0.0   0.1   0:06.43 ueventd
  280 root         20   0  12G 4.4M 4.3M S  0.0   0.0   0:00.17 init subcontext u:r:vendor_init:s0 14
  278 root          0 -20    0    0    0 I  0.0   0.0   0:04.39 [kworker/u17:1-kgsl-events]
  276 root          0 -20    0    0    0 I  0.0   0.0   0:00.00 [ext4-rsv-conver]
  275 root         20   0    0    0    0 S  0.0   0.0   0:00.00 [jbd2/sdg5-8]
  270 root          0 -20    0    0    0 I  0.0   0.0   0:00.00 [ext4-rsv-conver]
  269 root         20   0    0    0    0 S  0.0   0.0   0:00.00 [jbd2/sdg6-8]
  265 root          0 -20    0    0    0 I  0.0   0.0   0:00.00 [ext4-rsv-conver]
  264 root          0 -20    0    0    0 I  0.0   0.0   0:00.00 [kverityd]
  263 root          0 -20    0    0    0 I  0.0   0.0   0:00.00 [kdmflush]
  262 root          0 -20    0    0    0 I  0.0   0.0   0:00.00 [ext4-rsv-conver]
  261 root          0 -20    0    0    0 I  0.0   0.0   0:00.00 [kverityd]
  260 root          0 -20    0    0    0 I  0.0   0.0   0:00.00 [kdmflush]
  259 root          0 -20    0    0    0 I  0.0   0.0   0:00.00 [ext4-rsv-conver]
  258 root          0 -20    0    0    0 I  0.0   0.0   0:00.00 [kverityd]
  257 root          0 -20    0    0    0 I  0.0   0.0   0:00.00 [kdmflush]
  256 root          0 -20    0    0    0 I  0.0   0.0   0:00.00 [ext4-rsv-conver]
  255 root          0 -20    0    0    0 I  0.0   0.0   0:00.00 [kverityd]
  254 root          0 -20    0    0    0 I  0.0   0.0   0:00.00 [kdmflush]
  253 root          0 -20    0    0    0 I  0.0   0.0   0:00.00 [ext4-rsv-conver]
  252 root          0 -20    0    0    0 I  0.0   0.0   0:00.00 [kworker/6:2H-kverityd]
  251 root          0 -20    0    0    0 I  0.0   0.0   0:00.00 [kverityd]
  250 root          0 -20    0    0    0 I  0.0   0.0   0:00.00 [kdmflush]
  249 root          0 -20    0    0    0 I  0.0   0.0   0:00.00 [ext4-rsv-conver]
  247 root          0 -20    0    0    0 I  0.0   0.0   0:00.00 [kverityd]
  246 root          0 -20    0    0    0 I  0.0   0.0   0:00.00 [kdmflush]
  245 root          0 -20    0    0    0 I  0.0   0.0   0:00.00 [kdmflush]
  244 root          0 -20    0    0    0 I  0.0   0.0   0:00.00 [kdmflush]
  243 root          0 -20    0    0    0 I  0.0   0.0   0:00.00 [kdmflush]
  242 root          0 -20    0    0    0 I  0.0   0.0   0:00.00 [kdmflush]
  241 root          0 -20    0    0    0 I  0.0   0.0   0:00.00 [kdmflush]
  240 root          0 -20    0    0    0 I  0.0   0.0   0:00.00 [kdmflush]
  239 root          0 -20    0    0    0 I  0.0   0.0   0:00.00 [ext4-rsv-conver]
  238 root         20   0    0    0    0 S  0.0   0.0   0:00.00 [jbd2/sda8-8]
  229 root         RT   0    0    0    0 S  0.0   0.0   0:00.00 [irq/265-8804000]
  228 root          0 -20    0    0    0 I  0.0   0.0   0:00.00 [ufs_clkscaling_]
  227 root          0 -20    0    0    0 I  0.0   0.0   0:00.00 [ufs_clk_gating_]
  226 root          0 -20    0    0    0 I  0.0   0.0   0:00.00 [ufs_eh_wq_0]
  225 root          0 -20    0    0    0 I  0.0   0.0   0:00.00 [qc_ufs_qos_swq]
  224 root          0 -20    0    0    0 I  0.0   0.0   0:00.00 [ufs_cpufreq_wq]
  223 root         RT   0    0    0    0 S  0.0   0.0   0:00.00 [irq/143-mmc0]
  222 root          0 -20    0    0    0 I  0.0   0.0   0:00.00 [sdhci]
  221 root         RT   0    0    0    0 S  0.0   0.0   0:00.00 [irq/145-mmc1]
  220 root          0 -20    0    0    0 I  0.0   0.0   0:00.00 [sdhci_msm_gener]
  219 root         RT   0    0    0    0 S  0.0   0.0   0:00.00 [irq/144-7c4000.]
  218 root          0 -20    0    0    0 I  0.0   0.0   0:00.00 [sdhci]
  217 root          0 -20    0    0    0 I  0.0   0.0   0:00.00 [sdhci_msm_gener]
  216 root         RT   0    0    0    0 S  0.0   0.0   0:00.00 [irq/146-8804000]
  215 root          0 -20    0    0    0 I  0.0   0.0   0:00.00 [scsi_tmf_0]
  213 root         20   0    0    0    0 S  0.0   0.0   0:00.00 [scsi_eh_0]
  211 root         RT   0    0    0    0 S  0.0   0.0   0:00.00 [irq/35-arm-smmu]
  209 root         RT   0    0    0    0 S  0.0   0.0   0:00.00 [irq/34-arm-smmu]
  206 root         RT   0    0    0    0 S  0.0   0.0   0:00.00 [irq/32-arm-smmu]
  205 root         RT   0    0    0    0 S  0.0   0.0   0:00.00 [irq/31-arm-smmu]
  204 root         RT   0    0    0    0 S  0.0   0.0   0:00.00 [irq/30-arm-smmu]
  203 root         RT   0    0    0    0 S  0.0   0.0   0:00.00 [irq/29-arm-smmu]
  202 root         RT   0    0    0    0 S  0.0   0.0   0:00.00 [irq/263-bcl-lvl]
  201 root         RT   0    0    0    0 S  0.0   0.0   0:00.00 [irq/262-bcl-lvl]
  200 root         RT   0    0    0    0 S  0.0   0.0   0:00.00 [irq/261-bcl-lvl]
  198 root         RT   0    0    0    0 S  0.0   0.0   0:00.29 [core_ctl]
  196 root         RT   0    0    0    0 S  0.0   0.0   0:00.00 [irq/139-dcvsh-i]
  195 root         RT   0    0    0    0 S  0.0   0.0   0:00.00 [irq/138-dcvsh-i]
  193 root         RT   0    0    0    0 S  0.0   0.0   0:00.00 [irq/251-qcom,qm]
  192 root         20   0    0    0    0 S  0.0   0.0   0:00.65 [qrtr_ns]
  190 root         20   0    0    0    0 S  0.0   0.0   0:00.00 [mem_buf_rcvr]
  189 root         30  10    0    0    0 S  0.0   0.0   0:00.06 [qcom,system-poo]
  188 root         20   0    0    0    0 S  0.0   0.0   0:00.00 [gh_rm_recv_task]
  187 root          0 -20    0    0    0 I  0.0   0.0   0:00.14 [kworker/5:1H-kverityd]
  186 root          0 -20    0    0    0 I  0.0   0.0   0:00.15 [kworker/4:1H-kblockd]
  185 root          0 -20    0    0    0 I  0.0   0.0   0:00.54 [kworker/3:1H-kverityd]
  184 root          0 -20    0    0    0 I  0.0   0.0   0:00.26 [kworker/2:1H-kverityd]
  183 root          0 -20    0    0    0 I  0.0   0.0   0:03.99 [kworker/1:1H-kverityd]
  182 root          0 -20    0    0    0 I  0.0   0.0   0:00.16 [kworker/0:1H-kblockd]
  181 root         RT   0    0    0    0 S  0.0   0.0   0:00.00 [irq/225-c265000]
  180 root         RT   0    0    0    0 S  0.0   0.0   0:00.00 [irq/224-c265000]
  179 root         RT   0    0    0    0 S  0.0   0.0   0:00.00 [irq/223-c265000]
  178 root         RT   0    0    0    0 S  0.0   0.0   0:00.00 [irq/222-c263000]
  177 root         RT   0    0    0    0 S  0.0   0.0   0:00.00 [irq/221-c263000]
  176 root         RT   0    0    0    0 S  0.0   0.0   0:00.00 [irq/220-c263000]
  173 root         RT   0    0    0    0 S  0.0   0.0   0:00.02 [gh-watchdog]
  172 root         RT   0    0    0    0 S  0.0   0.0   0:00.00 [irq/15-qcom-scm]
  170 root         10 -10    0    0    0 S  0.0   0.0   0:00.00 [krfcommd]
  169 root          0 -20    0    0    0 I  0.0   0.0   0:00.00 [ipv6_addrconf]
  167 root          0 -20    0    0    0 I  0.0   0.0   0:00.00 [dm_bufio_cache]
  166 root          0 -20    0    0    0 I  0.0   0.0   0:00.00 [uas]
  165 root         39  19    0    0    0 S  0.0   0.0   0:00.04 [dmabuf-deferred]
  163 root         -2   0    0    0    0 S  0.0   0.0   0:00.00 [erofs_worker/7]
  162 root         -2   0    0    0    0 S  0.0   0.0   0:00.00 [erofs_worker/6]
  161 root         -2   0    0    0    0 S  0.0   0.0   0:00.00 [erofs_worker/5]
  160 root         -2   0    0    0    0 S  0.0   0.0   0:00.00 [erofs_worker/4]
  159 root         -2   0    0    0    0 S  0.0   0.0   0:00.00 [erofs_worker/3]
  158 root         -2   0    0    0    0 S  0.0   0.0   0:00.00 [erofs_worker/2]
  157 root         -2   0    0    0    0 S  0.0   0.0   0:00.00 [erofs_worker/1]
  156 root         -2   0    0    0    0 S  0.0   0.0   0:00.00 [erofs_worker/0]
  154 root         20   0    0    0    0 S  0.0   0.0   0:03.27 [kswapd0:1]
  153 root         20   0    0    0    0 S  0.0   0.0   0:03.10 [kswapd0:0]
  131 root         RT   0    0    0    0 S  0.0   0.0   0:00.00 [watchdogd]
  130 root          0 -20    0    0    0 I  0.0   0.0   0:00.00 [devfreq_wq]
  129 root          0 -20    0    0    0 I  0.0   0.0   0:00.00 [edac-poller]
  128 root          0 -20    0    0    0 I  0.0   0.0   0:00.00 [blkcg_punt_bio]
  127 root          0 -20    0    0    0 I  0.0   0.0   0:00.00 [kblockd]
   83 root         20   0    0    0    0 S  0.0   0.0   0:00.00 [kcompactd0]
   82 root          0 -20    0    0    0 I  0.0   0.0   0:00.00 [writeback]
   81 root         20   0    0    0    0 S  0.0   0.0   0:00.00 [oom_reaper]
   80 root         20   0    0    0    0 S  0.0   0.0   0:00.00 [khungtaskd]
   79 root         20   0    0    0    0 S  0.0   0.0   0:00.00 [kauditd]
   78 root         20   0    0    0    0 I  0.0   0.0   0:02.51 [kworker/5:1-events]
   77 root         20   0    0    0    0 I  0.0   0.0   0:00.00 [kworker/4:1-events]
   76 root         20   0    0    0    0 I  0.0   0.0   0:03.39 [kworker/3:1-events]
   74 root         20   0    0    0    0 I  0.0   0.0   0:03.06 [kworker/1:1-events]
   70 root          0 -20    0    0    0 I  0.0   0.0   0:00.00 [netns]
   69 root         20   0    0    0    0 S  0.0   0.0   0:00.47 [rcuop/7]
   66 root         20   0    0    0    0 S  0.0   0.0   0:00.01 [ksoftirqd/7]
   65 root         -2   0    0    0    0 S  0.0   0.0   0:00.00 [rcuc/7]
   64 root         RT   0    0    0    0 S  0.0   0.0   0:00.04 [migration/7]
   63 root         20   0    0    0    0 S  0.0   0.0   0:00.00 [cpuhp/7]
   59 root         20   0    0    0    0 S  0.0   0.0   0:00.01 [ksoftirqd/6]
   58 root         -2   0    0    0    0 S  0.0   0.0   0:00.00 [rcuc/6]
   57 root         RT   0    0    0    0 S  0.0   0.0   0:00.04 [migration/6]
   56 root         20   0    0    0    0 S  0.0   0.0   0:00.00 [cpuhp/6]
   55 root         20   0    0    0    0 S  0.0   0.0   0:00.20 [rcuop/5]
   54 root          0 -20    0    0    0 I  0.0   0.0   0:00.00 [kworker/5:0H-events_highpri]
   52 root         20   0    0    0    0 S  0.0   0.0   0:00.00 [ksoftirqd/5]
   51 root         -2   0    0    0    0 S  0.0   0.0   0:00.00 [rcuc/5]
   50 root         RT   0    0    0    0 S  0.0   0.0   0:00.09 [migration/5]
   49 root         20   0    0    0    0 S  0.0   0.0   0:00.00 [cpuhp/5]
   48 root         20   0    0    0    0 S  0.0   0.0   0:00.23 [rcuop/4]
   47 root         20   0    0    0    0 S  0.0   0.0   0:01.56 [rcuog/4]
   46 root          0 -20    0    0    0 I  0.0   0.0   0:00.00 [kworker/4:0H-events_highpri]
   44 root         20   0    0    0    0 S  0.0   0.0   0:00.00 [ksoftirqd/4]
   43 root         -2   0    0    0    0 S  0.0   0.0   0:00.00 [rcuc/4]
   42 root         RT   0    0    0    0 S  0.0   0.0   0:00.09 [migration/4]
   41 root         20   0    0    0    0 S  0.0   0.0   0:00.00 [cpuhp/4]
   40 root         20   0    0    0    0 S  0.0   0.0   0:01.18 [rcuop/3]
   39 root          0 -20    0    0    0 I  0.0   0.0   0:00.00 [kworker/3:0H-kverityd]
   37 root         20   0    0    0    0 S  0.0   0.0   0:00.74 [ksoftirqd/3]
   36 root         -2   0    0    0    0 S  0.0   0.0   0:00.00 [rcuc/3]
   35 root         RT   0    0    0    0 S  0.0   0.0   0:00.08 [migration/3]
   34 root         20   0    0    0    0 S  0.0   0.0   0:00.00 [cpuhp/3]
   33 root         20   0    0    0    0 S  0.0   0.0   0:01.16 [rcuop/2]
   30 root         20   0    0    0    0 S  0.0   0.0   0:01.55 [ksoftirqd/2]
   29 root         -2   0    0    0    0 S  0.0   0.0   0:00.00 [rcuc/2]
   28 root         RT   0    0    0    0 S  0.0   0.0   0:00.08 [migration/2]
   27 root         20   0    0    0    0 S  0.0   0.0   0:00.00 [cpuhp/2]
   26 root         20   0    0    0    0 S  0.0   0.0   0:01.27 [rcuop/1]
   23 root         20   0    0    0    0 S  0.0   0.0   0:00.38 [ksoftirqd/1]
   22 root         -2   0    0    0    0 S  0.0   0.0   0:00.00 [rcuc/1]
   21 root         RT   0    0    0    0 S  0.0   0.0   0:00.09 [migration/1]
   20 root         20   0    0    0    0 S  0.0   0.0   0:00.00 [cpuhp/1]
   19 root         20   0    0    0    0 S  0.0   0.0   0:00.00 [cpuhp/0]
   18 root         RT   0    0    0    0 S  0.0   0.0   0:00.11 [migration/0]
   17 root         -2   0    0    0    0 S  0.0   0.0   0:00.00 [rcuc/0]
   16 root         -2   0    0    0    0 S  0.0   0.0   0:00.01 [rcub/0]
   15 root         20   0    0    0    0 S  0.0   0.0   0:01.26 [rcuop/0]
   14 root         20   0    0    0    0 S  0.0   0.0   0:08.35 [rcuog/0]
   13 root         -2   0    0    0    0 I  0.0   0.0   0:04.47 [rcu_preempt]
   12 root         20   0    0    0    0 S  0.0   0.0   0:00.11 [ksoftirqd/0]
   11 root         20   0    0    0    0 S  0.0   0.0   0:00.00 [rcu_tasks_trace]
   10 root         20   0    0    0    0 S  0.0   0.0   0:00.00 [rcu_tasks_kthre]
    8 root          0 -20    0    0    0 I  0.0   0.0   0:00.00 [mm_percpu_wq]
    4 root          0 -20    0    0    0 I  0.0   0.0   0:00.00 [rcu_par_gp]
    3 root          0 -20    0    0    0 I  0.0   0.0   0:00.00 [rcu_gp]
    2 root         20   0    0    0    0 S  0.0   0.0   0:00.05 [kthreadd]
    1 root         20   0  12G 7.2M 5.5M S  0.0   0.1   0:04.68 init second_stage





#@# CPU Info
dumpsys cpuinfo 2>&1
Load: 4.14 / 4.19 / 3.88
CPU usage from 20452ms to 12960ms ago (2023-07-18 07:33:19.503 to 2023-07-18 07:33:26.995):
  6.2% 2005/system_server: 3.7% user + 2.5% kernel / faults: 564 minor 49 major
  2.2% 3019/com.zebra.zvahelper: 1.6% user + 0.6% kernel / faults: 132 minor
  1.3% 3367/com.zebra.devicemanager: 1% user + 0.2% kernel / faults: 457 minor
  1.2% 1368/surfaceflinger: 0.6% user + 0.5% kernel
  1.2% 11080/kworker/u16:1-memlat_wq: 0% user + 1.2% kernel
  1% 7157/com.symbol.fota: 0.9% user + 0.1% kernel / faults: 296 minor
  0.8% 233/kworker/u16:8-cnss_driver_event: 0% user + 0.8% kernel
  0.8% 1288/vendor.qti.hardware.display.composer-service: 0.2% user + 0.5% kernel / faults: 1 minor
  0.6% 911/android.system.suspend@1.0-service: 0.1% user + 0.5% kernel / faults: 2 minor 2 major
  0.5% 76/kworker/3:1-events: 0% user + 0.5% kernel
  0.5% 1532/wificond: 0.4% user + 0.1% kernel / faults: 2 minor
  0.5% 2669/com.android.systemui: 0.4% user + 0.1% kernel / faults: 9 minor
  0.5% 9548/kworker/4:5-events: 0% user + 0.5% kernel
  0.4% 11365/kworker/u16:0-memlat_wq: 0% user + 0.4% kernel
  0.2% 14/rcuog/0: 0% user + 0.2% kernel
  0.2% 373/logd: 0.1% user + 0.1% kernel
  0.2% 1112/statsd: 0.1% user + 0.1% kernel / faults: 4 minor
  0.2% 1276/android.hardware.wifi@1.0-service: 0% user + 0.2% kernel
  0.2% 9387/kworker/u16:18-events_unbound: 0% user + 0.2% kernel
  0.2% 9866/scheduler_threa: 0% user + 0.2% kernel
  0.2% 11001/kworker/u17:0-kgsl-events: 0% user + 0.2% kernel
  0.2% 11362/kworker/u17:2-qmi_msg_handler: 0% user + 0.2% kernel
  0.1% 1/init: 0.1% user + 0% kernel
  0.1% 13/rcu_preempt: 0% user + 0.1% kernel
  0.1% 26/rcuop/1: 0% user + 0.1% kernel
  0.1% 30/ksoftirqd/2: 0% user + 0.1% kernel
  0.1% 282/ueventd: 0.1% user + 0% kernel
  0.1% 363/kworker/2:2-events: 0% user + 0.1% kernel
  0.1% 553/irq/142-1909100: 0% user + 0.1% kernel
  0.1% 827/crtc_event:86: 0% user + 0.1% kernel
  0.1% 1119/wlan_logging_th: 0% user + 0.1% kernel
  0.1% 1208/android.hardware.health@2.1-service: 0% user + 0.1% kernel
  0.1% 1243/android.hardware.sensors@2.1-service.multihal: 0.1% user + 0% kernel
  0.1% 1339/vendor.zebra.hardware.health@1.0-service: 0% user + 0.1% kernel
  0.1% 1348/irq/330-glink-n: 0% user + 0.1% kernel
  0.1% 1528/smartmu: 0% user + 0.1% kernel
  0.1% 1547/fusionconfd: 0% user + 0.1% kernel / faults: 2 minor
  0.1% 3819/msm_irqbalance: 0.1% user + 0% kernel
  0.1% 4269/com.symbol.scanning.scanningframework:zdcpservice: 0.1% user + 0% kernel
  0.1% 4690/com.zebra.server: 0.1% user + 0% kernel / faults: 1 minor
  0.1% 6832/com.android.settings: 0% user + 0.1% kernel / faults: 2 minor
  0.1% 7300/com.symbol.fusionservice: 0% user + 0.1% kernel / faults: 1 minor
  0.1% 7589/com.google.android.apps.tachyon: 0.1% user + 0% kernel / faults: 1 minor
  0.1% 9979/wpa_supplicant: 0.1% user + 0% kernel
  0.1% 10583/kworker/0:2-mm_percpu_wq: 0% user + 0.1% kernel
2.7% TOTAL: 1.2% user + 1% kernel + 0.3% irq + 0.1% softirq





#@# Memory Info [ -s system ]
dumpsys -t 25 meminfo -S 2>&1
Applications Memory Usage (in Kilobytes):
Uptime: 1820627 Realtime: 2449809


Total RSS by process:
    404,288K: system (pid 2005)
    234,968K: com.google.android.googlequicksearchbox:search (pid 5244)
    225,048K: com.android.systemui (pid 2669)
    213,240K: com.google.android.gms.persistent (pid 3346)
    200,076K: com.android.launcher3 (pid 3163 / activities)
    194,428K: com.google.android.inputmethod.latin (pid 3709)
    184,368K: com.google.android.googlequicksearchbox:interactor (pid 4377)
    178,600K: com.google.android.setupwizard (pid 3101)
    178,196K: com.google.android.youtube (pid 8255)
    166,780K: com.android.settings (pid 6832 / activities)
    156,076K: com.android.vending (pid 6085)
    151,580K: com.google.android.apps.tachyon (pid 7589)
    144,324K: com.google.android.gms (pid 11239)
    137,716K: com.symbol.rxlogger (pid 11624 / activities)
    135,004K: com.google.android.apps.wellbeing (pid 3655)
    134,476K: zygote64 (pid 1114)
    128,240K: com.google.android.gm (pid 7943)
    128,208K: com.android.vending:background (pid 6453)
    123,848K: com.symbol.datawedge (pid 4319)
    123,812K: com.zebra.devicemanager (pid 3367)
    122,748K: com.android.vending:instant_app_installer (pid 6246)
    121,356K: com.google.android.permissioncontroller (pid 3829)
    117,804K: com.symbol.scanning.scanningframework:zdcpservice (pid 4269)
    117,580K: com.google.android.as (pid 4430)
    115,976K: com.zebra.commontransportlayer (pid 8499)
    114,616K: com.android.nfc (pid 4709)
    113,680K: com.symbol.dataanalytics (pid 6724)
    112,000K: com.google.android.providers.media.module (pid 4389)
    109,656K: com.google.android.tts (pid 3597)
    109,476K: com.symbol.fota (pid 7157)
    106,608K: android.process.acore (pid 5189)
    102,812K: com.symbol.dataanalytics.dca (pid 8456)
    102,584K: com.zebra.securestoragemanager (pid 3422)
    102,536K: com.symbol.mxmf.proxyframework (pid 4048)
    102,284K: android.process.media (pid 5327)
    102,036K: zygote (pid 1116)
    101,076K: com.zebra.licensemgrservice (pid 4176)
    100,368K: com.google.android.ext.services (pid 3728)
    100,012K: com.zebra.zvahelper (pid 3019)
     99,468K: com.zebra.datacapturevision (pid 4294)
     99,176K: com.google.process.gservices (pid 4364)
     98,964K: com.google.android.apps.wallpaper (pid 7774)
     97,944K: com.google.android.apps.turbo (pid 11341)
     97,260K: com.zebra.location (pid 5104)
     97,116K: com.google.process.gapps (pid 5148)
     96,792K: com.symbol.csp.audiovoluimgr (pid 3753)
     96,264K: com.android.networkstack.process (pid 2832)
     96,108K: com.google.android.partnersetup (pid 8148)
     95,736K: com.zebra.zebracontentprovider (pid 8558)
     95,736K: com.zebra.bluetooth (pid 3222)
     95,664K: com.symbol.fusionlogger (pid 7278)
     95,632K: com.google.android.configupdater (pid 7872)
     95,492K: com.android.deskclock (pid 3601)
     94,980K: com.zebra.oeminfo (pid 8710)
     94,868K: com.android.remoteprovisioner (pid 7408)
     94,852K: com.android.providers.calendar (pid 5934)
     94,644K: com.qti.qcc (pid 3099)
     94,552K: com.qualcomm.qti.workloadclassifier (pid 4827)
     94,208K: com.symbol.fusionservice (pid 7300)
     93,936K: com.symbol.osx.proxyframework (pid 3556)
     92,564K: com.zebra.smartmu.wfwsupportservice (pid 6358)
     92,452K: com.zebra.smartmu.service (pid 6290)
     91,672K: com.zebra.indicators (pid 4794)
     91,396K: com.qualcomm.qtil.aptxals (pid 2989)
     91,304K: com.symbol.dd (pid 4648)
     91,264K: com.symbol.scanning.scanningframework:btscanner (pid 3298)
     91,172K: com.zebra.keyeventservice (pid 2929)
     91,132K: com.zebra.server (pid 4690)
     90,920K: com.zebra.zebravolumecontrol3 (pid 6598)
     90,616K: .qtidataservices (pid 2965)
     90,448K: com.zebra.nfcbatteryswap (pid 8680)
     90,436K: com.zebra.zchargeled (pid 8816)
     90,080K: com.zebra.batteryswapservice (pid 3055)
     90,048K: com.zebra.greenmode (pid 4799)
     90,012K: com.zebra.batteryswapnotification (pid 2902)
     89,932K: com.qualcomm.qti.notificationservice (pid 8365)
     89,860K: com.symbol.WakeupSources (pid 5779)
     89,692K: com.zebra.licenseuiapp (pid 8655)
     89,536K: com.android.shell (pid 10199)
     89,512K: com.symbol.ethernetsettings (pid 5855)
     89,312K: com.symbol.osx.osxprovisionservice (pid 4147)
     89,304K: com.zebra.popupcontrol (pid 8747)
     89,048K: com.symbol.osx.securestorage (pid 4980)
     88,964K: com.zebra.valueadd.enfc (pid 5300)
     88,692K: com.qualcomm.qti.services.secureui:sui_service (pid 4972)
     88,620K: com.zebra.valueadd.batterymgr (pid 8791)
     88,584K: com.symbol.batterymanager (pid 4727)
     88,516K: com.zebra.ethtracker (pid 4610)
     88,440K: com.qualcomm.timeservice (pid 9402)
     88,000K: com.zebra.timecacher (pid 6449)
     87,972K: com.symbol.osx.threatdetectionservice (pid 4567)
     87,824K: com.qualcomm.qti.services.systemhelper:systemhelper_service (pid 4781)
     87,464K: com.zebra.persistencedataservice (pid 4896)
     87,292K: com.symbol.scanning.scanningframework:hwinfoservice (pid 4266)
     87,084K: .dataservices (pid 2946)
     86,856K: com.zebra.dhcpoptionmgr (pid 3736)
     86,816K: com.symbol.zremotekey (pid 5990)
     86,644K: com.symbol.dataanalytics.systemhelper (pid 9245)
     86,572K: com.zebra.zdatafileio (pid 4589)
     86,536K: com.android.se (pid 3070)
     86,532K: com.zebra.backio (pid 4548)
     86,528K: vendor.qti.qesdk.sysservice (pid 3013)
     86,504K: com.symbol.cu (pid 4621)
     86,488K: com.zebra.bluetoothsystem (pid 4504)
     86,292K: com.zebra.beaconconfigservice (pid 4956)
     86,172K: com.symbol.osx.rootdetection (pid 4659)
     85,732K: com.qualcomm.qtil.aptxacu (pid 2977)
     85,612K: .pasr (pid 4739)
     85,552K: com.symbol.scanning.scanningframework:datacapture (pid 4242)
     85,528K: com.android.proxyhandler (pid 3744)
     85,468K: com.zebra.zcm (pid 4456)
     85,288K: com.qti.phone (pid 3077)
     84,500K: com.android.phone (pid 8766)
     84,316K: com.android.pacprocessor (pid 2967)
     65,052K: webview_zygote (pid 2870)
     41,336K: surfaceflinger (pid 1368)
     26,212K: mediaserver (pid 1526)
     25,332K: audioserver (pid 1362)
     24,088K: media.extractor (pid 1518)
     21,808K: combilogservice (pid 1538)
     19,804K: cameraserver (pid 1510)
     18,332K: vendor.qti.camera.provider@2.7-service_64 (pid 1280)
     16,152K: vendor.qti.hardware.display.composer-service (pid 1288)
     13,620K: vendor.qti.hardware.perf-hal-service (pid 1300)
     12,928K: wpa_supplicant (pid 9979)
     12,880K: media.hwcodec (pid 1323)
     12,768K: android.hardware.audio.service_64 (pid 1190)
     11,328K: media.audio.qc.codec (pid 1324)
     11,128K: keystore2 (pid 912)
     10,200K: smartmu (pid 1528)
      9,044K: media.swcodec (pid 1592)
      9,028K: cnd (pid 1542)
      8,960K: diagdaemon (pid 1628)
      8,356K: android.hardware.wifi@1.0-service (pid 1276)
      7,792K: lmkd (pid 382)
      7,596K: android.hardware.sensors@2.1-service.multihal (pid 1243)
      7,480K: init (pid 1)
      7,440K: update_engine (pid 1649)
      7,132K: netd (pid 1113)
      6,844K: media.metrics (pid 1521)
      6,736K: vendor.qti.hardware.iop@2.0-service (pid 1292)
      6,704K: perfservice (pid 1539)
      6,668K: imsdaemon (pid 1555)
      6,592K: xtra-daemon (pid 2099)
      6,532K: android.hardware.drm@1.4-service.widevine (pid 1202)
      6,496K: vendor.qti.hardware.AGMIPC@1.0-service (pid 1282)
      6,464K: vold (pid 856)
      6,328K: media.codec (pid 1541)
      6,244K: slim_daemon (pid 2098)
      6,216K: vendor.qti.hardware.display.allocator-service (pid 1287)
      6,176K: wifidisplayhalservice (pid 1544)
      6,076K: wificond (pid 1532)
      6,068K: qcc-trd (pid 1657)
      6,052K: logd (pid 373)
      6,048K: lowi-server (pid 2097)
      5,976K: vendor.qti.hardware.trustedui@1.0-service-qti (pid 1315)
      5,728K: qesdk-manager (pid 1279)
      5,692K: ueventd (pid 282)
      5,608K: android.hardware.drm@1.4-service.clearkey (pid 1200)
      5,576K: gpuservice (pid 1364)
      5,524K: modemManager (pid 1566)
      5,480K: ssgtzd (pid 1179)
      5,460K: android.hardware.power-service (pid 1232)
      5,456K: android.hardware.security.keymint-service-qti (pid 851)
      5,428K: vendor.symbol.hardware.dchwmanager@1.0-service (pid 1329)
      5,388K: wfdhdcphalservice (pid 1540)
      5,348K: hwservicemanager (pid 388)
      5,124K: installd (pid 1517)
      5,120K: ims_rtp_daemon (pid 1550)
      5,016K: android.system.suspend@1.0-service (pid 911)
      4,956K: storaged (pid 1529)
      4,940K: vendor.qti.hardware.secureprocessor@1.0 (pid 1304)
      4,924K: cnss-daemon (pid 1597)
      4,912K: android.hardware.nfc@1.2-service (pid 1216)
      4,912K: qms (pid 1586)
      4,888K: thermal-engine-v2 (pid 3854)
      4,884K: drmserver (pid 1484)
      4,876K: fusionconfd (pid 1547)
      4,848K: vendor.dpmd (pid 1506)
      4,832K: credstore (pid 1363)
      4,816K: gatekeeperd (pid 1636)
      4,812K: servicemanager (pid 385)
      4,752K: qccsyshal@1.2-service (pid 1188)
      4,744K: sensors-qesdk (pid 1374)
      4,736K: vendor.qti.memory.pasrmanager@1.0-service (pid 1327)
      4,692K: init (pid 280)
      4,692K: statsd (pid 1112)
      4,676K: vendor.qti.hardware.sensorscalibrate@1.0-service (pid 1307)
      4,640K: vendor.zebra.fusion@1.0-service (pid 1332)
      4,596K: diag-router (pid 1180)
      4,564K: perf_qesdk_client (pid 1585)
      4,548K: ipacm (pid 1406)
      4,524K: poweropt-service (pid 1277)
      4,440K: dpmQmiMgr (pid 1505)
      4,424K: vendor.zebra.hardware.zebraradio-service (pid 1340)
      4,408K: android.hardware.usb@1.2-service-qti (pid 1272)
      4,400K: qseecomd (pid 854)
      4,396K: vendor.qti.hardware.servicetracker@1.2-service (pid 1311)
      4,364K: vendor.qti.psiclient@1.0-service (pid 3868)
      4,344K: android.hardware.health@2.1-service (pid 1208)
      4,340K: vendor.qti.qspmhal@1.0-service (pid 1328)
      4,336K: vendor.qti.hardware.vibrator.service (pid 1322)
      4,332K: vendor.qti.hardware.soter@1.0-service (pid 1313)
      4,288K: edgnss-daemon (pid 2100)
      4,216K: vendor.qti.hardware.tui_comm@1.0-service-qti (pid 1317)
      4,200K: vendor.qti.hardware.limits@1.1-service (pid 1295)
      4,188K: android.hardware.bluetooth@1.0-service-qti (pid 1192)
      4,164K: mlid (pid 1604)
      4,148K: sensors.qti (pid 1375)
      4,144K: vendor.qti.hardware.qteeconnector@1.0-service (pid 920)
      4,140K: loc_launcher (pid 1687)
      4,124K: incidentd (pid 1513)
      4,124K: android.hardware.thermal@2.0-service.qti-v2 (pid 2123)
      4,120K: android.hardware.keymaster@4.1-service-qti (pid 850)
      4,096K: android.hardware.usb.gadget@1.1-service-qti (pid 2124)
      4,084K: qspmsvc (pid 3822)
      4,020K: android.hardware.gatekeeper@1.0-service-qti (pid 918)
      4,004K: android.hardware.lights-service.qti (pid 1214)
      4,000K: adsprpcd (pid 1588)
      3,980K: tcmd (pid 1824)
      3,972K: trusteduilistener (pid 1710)
      3,964K: dumpsys (pid 11716)
      3,912K: vendor.zebra.hardware.health@1.0-service (pid 1339)
      3,856K: vendor.qti.hardware.capabilityconfigstore@1.0-service (pid 1285)
      3,824K: dspservice (pid 1290)
      3,824K: vendor.zebra.hardware.batteryswap@2.0-service (pid 1333)
      3,812K: wfdvndservice (pid 1590)
      3,732K: vendor.zebra.hardware.devtrack@1.0-service (pid 1335)
      3,728K: qcom-system-daemon (pid 1507)
      3,724K: vendor.symbol.hardware.hwbeep@1.0-service (pid 1331)
      3,716K: sscrpcd (pid 922)
      3,716K: pm-service (pid 1356)
      3,712K: vendor.symbol.hardware.enfc@1.0-service (pid 1330)
      3,696K: logcat (pid 11685)
      3,656K: audioadsprpcd (pid 360)
      3,564K: logcat (pid 11684)
      3,560K: android.hardware.boot@1.2-service (pid 916)
      3,528K: logcat (pid 11686)
      3,464K: pm-proxy (pid 1482)
      3,444K: logcat (pid 11678)
      3,440K: vendor.qti.hardware.qseecom@1.0-service (pid 855)
      3,436K: vndservicemanager (pid 391)
      3,392K: android.hardware.atrace@1.0-service (pid 914)
      3,384K: logcat (pid 11683)
      3,372K: prng_seeder (pid 339)
      3,356K: msm_irqbalance (pid 3819)
      3,300K: pd-mapper (pid 1355)
      3,276K: android.hidl.allocator@1.0-service (pid 1184)
      3,256K: time_daemon (pid 1081)
      3,208K: rmt_storage (pid 1370)
      3,164K: vendor.symbol.hardware.productspecificfeatures@1.0-service (pid 1185)
      3,048K: sh (pid 11715)
      3,040K: android.hardware.cas@1.2-service (pid 1196)
      2,872K: ipacm-diag (pid 1559)
      2,772K: traced (pid 1487)
      2,664K: ip6tables-restore (pid 1129)
      2,600K: tftp_server (pid 1373)
      2,576K: iptables-restore (pid 1128)
      2,524K: qrtr-ns (pid 1349)
      2,512K: lowirpcd (pid 1377)
      2,500K: traced_probes (pid 1486)
      2,356K: tombstoned (pid 966)
      2,228K: qvirtmgr (pid 3757)
      1,556K: ssgqmigd (pid 1602)

Total RSS by OOM adjustment:
  1,204,300K: Native
        134,476K: zygote64 (pid 1114)
        102,036K: zygote (pid 1116)
         65,052K: webview_zygote (pid 2870)
         41,336K: surfaceflinger (pid 1368)
         26,212K: mediaserver (pid 1526)
         25,332K: audioserver (pid 1362)
         24,088K: media.extractor (pid 1518)
         21,808K: combilogservice (pid 1538)
         19,804K: cameraserver (pid 1510)
         18,332K: vendor.qti.camera.provider@2.7-service_64 (pid 1280)
         16,152K: vendor.qti.hardware.display.composer-service (pid 1288)
         13,620K: vendor.qti.hardware.perf-hal-service (pid 1300)
         12,928K: wpa_supplicant (pid 9979)
         12,880K: media.hwcodec (pid 1323)
         12,768K: android.hardware.audio.service_64 (pid 1190)
         11,328K: media.audio.qc.codec (pid 1324)
         11,128K: keystore2 (pid 912)
         10,200K: smartmu (pid 1528)
          9,044K: media.swcodec (pid 1592)
          9,028K: cnd (pid 1542)
          8,960K: diagdaemon (pid 1628)
          8,356K: android.hardware.wifi@1.0-service (pid 1276)
          7,792K: lmkd (pid 382)
          7,596K: android.hardware.sensors@2.1-service.multihal (pid 1243)
          7,480K: init (pid 1)
          7,440K: update_engine (pid 1649)
          7,132K: netd (pid 1113)
          6,844K: media.metrics (pid 1521)
          6,736K: vendor.qti.hardware.iop@2.0-service (pid 1292)
          6,704K: perfservice (pid 1539)
          6,668K: imsdaemon (pid 1555)
          6,592K: xtra-daemon (pid 2099)
          6,532K: android.hardware.drm@1.4-service.widevine (pid 1202)
          6,496K: vendor.qti.hardware.AGMIPC@1.0-service (pid 1282)
          6,464K: vold (pid 856)
          6,328K: media.codec (pid 1541)
          6,244K: slim_daemon (pid 2098)
          6,216K: vendor.qti.hardware.display.allocator-service (pid 1287)
          6,176K: wifidisplayhalservice (pid 1544)
          6,076K: wificond (pid 1532)
          6,068K: qcc-trd (pid 1657)
          6,052K: logd (pid 373)
          6,048K: lowi-server (pid 2097)
          5,976K: vendor.qti.hardware.trustedui@1.0-service-qti (pid 1315)
          5,728K: qesdk-manager (pid 1279)
          5,692K: ueventd (pid 282)
          5,608K: android.hardware.drm@1.4-service.clearkey (pid 1200)
          5,576K: gpuservice (pid 1364)
          5,524K: modemManager (pid 1566)
          5,480K: ssgtzd (pid 1179)
          5,460K: android.hardware.power-service (pid 1232)
          5,456K: android.hardware.security.keymint-service-qti (pid 851)
          5,428K: vendor.symbol.hardware.dchwmanager@1.0-service (pid 1329)
          5,388K: wfdhdcphalservice (pid 1540)
          5,348K: hwservicemanager (pid 388)
          5,124K: installd (pid 1517)
          5,120K: ims_rtp_daemon (pid 1550)
          5,016K: android.system.suspend@1.0-service (pid 911)
          4,956K: storaged (pid 1529)
          4,940K: vendor.qti.hardware.secureprocessor@1.0 (pid 1304)
          4,924K: cnss-daemon (pid 1597)
          4,912K: android.hardware.nfc@1.2-service (pid 1216)
          4,912K: qms (pid 1586)
          4,888K: thermal-engine-v2 (pid 3854)
          4,884K: drmserver (pid 1484)
          4,876K: fusionconfd (pid 1547)
          4,848K: vendor.dpmd (pid 1506)
          4,832K: credstore (pid 1363)
          4,816K: gatekeeperd (pid 1636)
          4,812K: servicemanager (pid 385)
          4,752K: qccsyshal@1.2-service (pid 1188)
          4,744K: sensors-qesdk (pid 1374)
          4,736K: vendor.qti.memory.pasrmanager@1.0-service (pid 1327)
          4,692K: init (pid 280)
          4,692K: statsd (pid 1112)
          4,676K: vendor.qti.hardware.sensorscalibrate@1.0-service (pid 1307)
          4,640K: vendor.zebra.fusion@1.0-service (pid 1332)
          4,596K: diag-router (pid 1180)
          4,564K: perf_qesdk_client (pid 1585)
          4,548K: ipacm (pid 1406)
          4,524K: poweropt-service (pid 1277)
          4,440K: dpmQmiMgr (pid 1505)
          4,424K: vendor.zebra.hardware.zebraradio-service (pid 1340)
          4,408K: android.hardware.usb@1.2-service-qti (pid 1272)
          4,400K: qseecomd (pid 854)
          4,396K: vendor.qti.hardware.servicetracker@1.2-service (pid 1311)
          4,364K: vendor.qti.psiclient@1.0-service (pid 3868)
          4,344K: android.hardware.health@2.1-service (pid 1208)
          4,340K: vendor.qti.qspmhal@1.0-service (pid 1328)
          4,336K: vendor.qti.hardware.vibrator.service (pid 1322)
          4,332K: vendor.qti.hardware.soter@1.0-service (pid 1313)
          4,288K: edgnss-daemon (pid 2100)
          4,216K: vendor.qti.hardware.tui_comm@1.0-service-qti (pid 1317)
          4,200K: vendor.qti.hardware.limits@1.1-service (pid 1295)
          4,188K: android.hardware.bluetooth@1.0-service-qti (pid 1192)
          4,164K: mlid (pid 1604)
          4,148K: sensors.qti (pid 1375)
          4,144K: vendor.qti.hardware.qteeconnector@1.0-service (pid 920)
          4,140K: loc_launcher (pid 1687)
          4,124K: incidentd (pid 1513)
          4,124K: android.hardware.thermal@2.0-service.qti-v2 (pid 2123)
          4,120K: android.hardware.keymaster@4.1-service-qti (pid 850)
          4,096K: android.hardware.usb.gadget@1.1-service-qti (pid 2124)
          4,084K: qspmsvc (pid 3822)
          4,020K: android.hardware.gatekeeper@1.0-service-qti (pid 918)
          4,004K: android.hardware.lights-service.qti (pid 1214)
          4,000K: adsprpcd (pid 1588)
          3,980K: tcmd (pid 1824)
          3,972K: trusteduilistener (pid 1710)
          3,964K: dumpsys (pid 11716)
          3,912K: vendor.zebra.hardware.health@1.0-service (pid 1339)
          3,856K: vendor.qti.hardware.capabilityconfigstore@1.0-service (pid 1285)
          3,824K: dspservice (pid 1290)
          3,824K: vendor.zebra.hardware.batteryswap@2.0-service (pid 1333)
          3,812K: wfdvndservice (pid 1590)
          3,732K: vendor.zebra.hardware.devtrack@1.0-service (pid 1335)
          3,728K: qcom-system-daemon (pid 1507)
          3,724K: vendor.symbol.hardware.hwbeep@1.0-service (pid 1331)
          3,716K: sscrpcd (pid 922)
          3,716K: pm-service (pid 1356)
          3,712K: vendor.symbol.hardware.enfc@1.0-service (pid 1330)
          3,696K: logcat (pid 11685)
          3,656K: audioadsprpcd (pid 360)
          3,564K: logcat (pid 11684)
          3,560K: android.hardware.boot@1.2-service (pid 916)
          3,528K: logcat (pid 11686)
          3,464K: pm-proxy (pid 1482)
          3,444K: logcat (pid 11678)
          3,440K: vendor.qti.hardware.qseecom@1.0-service (pid 855)
          3,436K: vndservicemanager (pid 391)
          3,392K: android.hardware.atrace@1.0-service (pid 914)
          3,384K: logcat (pid 11683)
          3,372K: prng_seeder (pid 339)
          3,356K: msm_irqbalance (pid 3819)
          3,300K: pd-mapper (pid 1355)
          3,276K: android.hidl.allocator@1.0-service (pid 1184)
          3,256K: time_daemon (pid 1081)
          3,208K: rmt_storage (pid 1370)
          3,164K: vendor.symbol.hardware.productspecificfeatures@1.0-service (pid 1185)
          3,048K: sh (pid 11715)
          3,040K: android.hardware.cas@1.2-service (pid 1196)
          2,872K: ipacm-diag (pid 1559)
          2,772K: traced (pid 1487)
          2,664K: ip6tables-restore (pid 1129)
          2,600K: tftp_server (pid 1373)
          2,576K: iptables-restore (pid 1128)
          2,524K: qrtr-ns (pid 1349)
          2,512K: lowirpcd (pid 1377)
          2,500K: traced_probes (pid 1486)
          2,356K: tombstoned (pid 966)
          2,228K: qvirtmgr (pid 3757)
          1,556K: ssgqmigd (pid 1602)
    404,288K: System
        404,288K: system (pid 2005)
  3,824,984K: Persistent
        225,048K: com.android.systemui (pid 2669)
        114,616K: com.android.nfc (pid 4709)
        100,012K: com.zebra.zvahelper (pid 3019)
         99,468K: com.zebra.datacapturevision (pid 4294)
         96,264K: com.android.networkstack.process (pid 2832)
         95,736K: com.zebra.bluetooth (pid 3222)
         94,644K: com.qti.qcc (pid 3099)
         94,552K: com.qualcomm.qti.workloadclassifier (pid 4827)
         93,936K: com.symbol.osx.proxyframework (pid 3556)
         91,672K: com.zebra.indicators (pid 4794)
         91,396K: com.qualcomm.qtil.aptxals (pid 2989)
         91,304K: com.symbol.dd (pid 4648)
         91,172K: com.zebra.keyeventservice (pid 2929)
         91,132K: com.zebra.server (pid 4690)
         90,616K: .qtidataservices (pid 2965)
         90,080K: com.zebra.batteryswapservice (pid 3055)
         90,048K: com.zebra.greenmode (pid 4799)
         90,012K: com.zebra.batteryswapnotification (pid 2902)
         89,048K: com.symbol.osx.securestorage (pid 4980)
         88,692K: com.qualcomm.qti.services.secureui:sui_service (pid 4972)
         88,584K: com.symbol.batterymanager (pid 4727)
         88,516K: com.zebra.ethtracker (pid 4610)
         87,972K: com.symbol.osx.threatdetectionservice (pid 4567)
         87,824K: com.qualcomm.qti.services.systemhelper:systemhelper_service (pid 4781)
         87,464K: com.zebra.persistencedataservice (pid 4896)
         87,084K: .dataservices (pid 2946)
         86,572K: com.zebra.zdatafileio (pid 4589)
         86,536K: com.android.se (pid 3070)
         86,532K: com.zebra.backio (pid 4548)
         86,528K: vendor.qti.qesdk.sysservice (pid 3013)
         86,504K: com.symbol.cu (pid 4621)
         86,488K: com.zebra.bluetoothsystem (pid 4504)
         86,292K: com.zebra.beaconconfigservice (pid 4956)
         86,172K: com.symbol.osx.rootdetection (pid 4659)
         85,732K: com.qualcomm.qtil.aptxacu (pid 2977)
         85,612K: .pasr (pid 4739)
         85,552K: com.symbol.scanning.scanningframework:datacapture (pid 4242)
         85,468K: com.zebra.zcm (pid 4456)
         85,288K: com.qti.phone (pid 3077)
         84,500K: com.android.phone (pid 8766)
         84,316K: com.android.pacprocessor (pid 2967)
    112,000K: Persistent Service
        112,000K: com.google.android.providers.media.module (pid 4389)
    200,076K: Foreground
        200,076K: com.android.launcher3 (pid 3163 / activities)
  1,749,728K: Visible
        213,240K: com.google.android.gms.persistent (pid 3346)
        123,848K: com.symbol.datawedge (pid 4319)
        121,356K: com.google.android.permissioncontroller (pid 3829)
        117,804K: com.symbol.scanning.scanningframework:zdcpservice (pid 4269)
        117,580K: com.google.android.as (pid 4430)
        113,680K: com.symbol.dataanalytics (pid 6724)
        102,812K: com.symbol.dataanalytics.dca (pid 8456)
        102,536K: com.symbol.mxmf.proxyframework (pid 4048)
        101,076K: com.zebra.licensemgrservice (pid 4176)
        100,368K: com.google.android.ext.services (pid 3728)
         95,736K: com.zebra.zebracontentprovider (pid 8558)
         91,264K: com.symbol.scanning.scanningframework:btscanner (pid 3298)
         88,964K: com.zebra.valueadd.enfc (pid 5300)
         87,292K: com.symbol.scanning.scanningframework:hwinfoservice (pid 4266)
         86,644K: com.symbol.dataanalytics.systemhelper (pid 9245)
         85,528K: com.android.proxyhandler (pid 3744)
    845,176K: Perceptible
        194,428K: com.google.android.inputmethod.latin (pid 3709)
        178,600K: com.google.android.setupwizard (pid 3101)
         97,260K: com.zebra.location (pid 5104)
         95,664K: com.symbol.fusionlogger (pid 7278)
         94,208K: com.symbol.fusionservice (pid 7300)
         92,564K: com.zebra.smartmu.wfwsupportservice (pid 6358)
         92,452K: com.zebra.smartmu.service (pid 6290)
    479,608K: A Services
        102,584K: com.zebra.securestoragemanager (pid 3422)
        102,284K: android.process.media (pid 5327)
         94,980K: com.zebra.oeminfo (pid 8710)
         90,448K: com.zebra.nfcbatteryswap (pid 8680)
         89,312K: com.symbol.osx.osxprovisionservice (pid 4147)
    236,892K: Previous
        137,716K: com.symbol.rxlogger (pid 11624 / activities)
         99,176K: com.google.process.gservices (pid 4364)
    630,688K: B Services
         96,792K: com.symbol.csp.audiovoluimgr (pid 3753)
         90,920K: com.zebra.zebravolumecontrol3 (pid 6598)
         89,932K: com.qualcomm.qti.notificationservice (pid 8365)
         89,860K: com.symbol.WakeupSources (pid 5779)
         89,512K: com.symbol.ethernetsettings (pid 5855)
         86,856K: com.zebra.dhcpoptionmgr (pid 3736)
         86,816K: com.symbol.zremotekey (pid 5990)
  3,691,024K: Cached
        234,968K: com.google.android.googlequicksearchbox:search (pid 5244)
        184,368K: com.google.android.googlequicksearchbox:interactor (pid 4377)
        178,196K: com.google.android.youtube (pid 8255)
        166,780K: com.android.settings (pid 6832 / activities)
        156,076K: com.android.vending (pid 6085)
        151,580K: com.google.android.apps.tachyon (pid 7589)
        144,324K: com.google.android.gms (pid 11239)
        135,004K: com.google.android.apps.wellbeing (pid 3655)
        128,240K: com.google.android.gm (pid 7943)
        128,208K: com.android.vending:background (pid 6453)
        123,812K: com.zebra.devicemanager (pid 3367)
        122,748K: com.android.vending:instant_app_installer (pid 6246)
        115,976K: com.zebra.commontransportlayer (pid 8499)
        109,656K: com.google.android.tts (pid 3597)
        109,476K: com.symbol.fota (pid 7157)
        106,608K: android.process.acore (pid 5189)
         98,964K: com.google.android.apps.wallpaper (pid 7774)
         97,944K: com.google.android.apps.turbo (pid 11341)
         97,116K: com.google.process.gapps (pid 5148)
         96,108K: com.google.android.partnersetup (pid 8148)
         95,632K: com.google.android.configupdater (pid 7872)
         95,492K: com.android.deskclock (pid 3601)
         94,868K: com.android.remoteprovisioner (pid 7408)
         94,852K: com.android.providers.calendar (pid 5934)
         90,436K: com.zebra.zchargeled (pid 8816)
         89,692K: com.zebra.licenseuiapp (pid 8655)
         89,536K: com.android.shell (pid 10199)
         89,304K: com.zebra.popupcontrol (pid 8747)
         88,620K: com.zebra.valueadd.batterymgr (pid 8791)
         88,440K: com.qualcomm.timeservice (pid 9402)
         88,000K: com.zebra.timecacher (pid 6449)

Total RSS by category:
  3,409,576K: .so mmap
  2,465,352K: .jar mmap
  2,257,704K: .art mmap
  1,214,328K: Dalvik
  1,200,888K: .oat mmap
    828,464K: Native
    812,136K: .apk mmap
    392,964K: Dalvik Other
    238,172K: .dex mmap
    238,004K: Other mmap
    153,328K: Unknown
     77,036K: Other dev
     48,912K: Ashmem
     34,724K: Stack
      7,144K: .ttf mmap
         32K: Gfx dev
          0K: Cursor
          0K: EGL mtrack
          0K: GL mtrack
          0K: Other mtrack

Total PSS by process:
    232,532K: system (pid 2005)                                            (   12,436K in swap)
    143,875K: com.google.android.googlequicksearchbox:search (pid 5244)    (   56,404K in swap)
     85,109K: com.android.systemui (pid 2669)                              (    9,240K in swap)
     76,676K: com.google.android.gms.persistent (pid 3346)                 (       52K in swap)
     66,770K: com.google.android.youtube (pid 8255)                        (    4,664K in swap)
     62,957K: com.android.vending (pid 6085)                               (   40,464K in swap)
     60,912K: com.google.android.inputmethod.latin (pid 3709)              (      352K in swap)
     58,682K: com.google.android.apps.wellbeing (pid 3655)                 (   31,960K in swap)
     56,720K: com.android.launcher3 (pid 3163 / activities)                (    2,480K in swap)
     53,956K: com.google.android.googlequicksearchbox:interactor (pid 4377) (    6,032K in swap)
     53,376K: com.google.android.apps.tachyon (pid 7589)                   (    5,928K in swap)
     49,650K: com.google.android.setupwizard (pid 3101)                    (    6,204K in swap)
     46,724K: com.android.settings (pid 6832 / activities)                 (   14,360K in swap)
     45,605K: com.symbol.scanning.scanningframework:zdcpservice (pid 4269) (   26,864K in swap)
     39,752K: zygote (pid 1116)                                            (      968K in swap)
     39,223K: com.google.android.gm (pid 7943)                             (    7,488K in swap)
     34,160K: vendor.qti.camera.provider@2.7-service_64 (pid 1280)         (   23,968K in swap)
     32,470K: com.google.android.gms (pid 11239)                           (    9,025K in swap)
     31,668K: com.zebra.devicemanager (pid 3367)                           (    7,708K in swap)
     28,912K: webview_zygote (pid 2870)                                    (    1,080K in swap)
     27,806K: surfaceflinger (pid 1368)                                    (   11,364K in swap)
     24,795K: com.google.android.tts (pid 3597)                            (   10,412K in swap)
     23,912K: com.zebra.commontransportlayer (pid 8499)                    (    3,480K in swap)
     23,389K: com.google.android.permissioncontroller (pid 3829)           (    1,912K in swap)
     22,413K: com.google.android.as (pid 4430)                             (    2,768K in swap)
     21,593K: com.symbol.datawedge (pid 4319)                              (    2,980K in swap)
     19,888K: com.symbol.dataanalytics (pid 6724)                          (    1,088K in swap)
     19,459K: com.android.vending:background (pid 6453)                    (    4,036K in swap)
     18,879K: com.google.android.providers.media.module (pid 4389)         (    9,504K in swap)
     18,769K: com.symbol.rxlogger (pid 11624 / activities)                 (        0K in swap)
     17,777K: com.android.nfc (pid 4709)                                   (    6,972K in swap)
     17,177K: android.process.media (pid 5327)                             (    8,040K in swap)
     14,907K: com.symbol.fota (pid 7157)                                   (    1,508K in swap)
     14,833K: com.android.vending:instant_app_installer (pid 6246)         (    1,784K in swap)
     14,055K: android.process.acore (pid 5189)                             (    5,156K in swap)
     13,671K: audioserver (pid 1362)                                       (    5,680K in swap)
     12,781K: com.symbol.dataanalytics.dca (pid 8456)                      (    4,092K in swap)
     12,639K: com.zebra.datacapturevision (pid 4294)                       (    3,576K in swap)
     12,555K: com.symbol.osx.proxyframework (pid 3556)                     (   10,856K in swap)
     10,871K: com.qualcomm.qti.workloadclassifier (pid 4827)               (    6,908K in swap)
     10,828K: com.symbol.mxmf.proxyframework (pid 4048)                    (    1,936K in swap)
     10,635K: zygote64 (pid 1114)                                          (    1,997K in swap)
     10,635K: com.zebra.securestoragemanager (pid 3422)                    (    3,140K in swap)
     10,417K: com.zebra.licensemgrservice (pid 4176)                       (    1,804K in swap)
     10,312K: media.extractor (pid 1518)                                   (    3,388K in swap)
     10,072K: com.zebra.keyeventservice (pid 2929)                         (    7,492K in swap)
      9,962K: android.hardware.audio.service_64 (pid 1190)                 (    3,448K in swap)
